 PSINS

 Timestamp is 609f21b1 (Sat May 15 09:19:45 2021)

 Preferred load address is 00400000

 Start         Length     Name                   Class
 0001:00000000 00039a46H .text                   CODE
 0001:00039a50 000002c3H .text$x                 CODE
 0002:00000000 00001969H .rdata                  DATA
 0002:00001970 00000348H .xdata$x                DATA
 0002:00001cb8 00000000H .edata                  DATA
 0003:00000000 00000004H .CRT$XCA                DATA
 0003:00000004 00000014H .CRT$XCU                DATA
 0003:00000018 00000004H .CRT$XCZ                DATA
 0003:0000001c 00000004H .CRT$XIA                DATA
 0003:00000020 00000008H .CRT$XIC                DATA
 0003:00000028 00000004H .CRT$XIY                DATA
 0003:0000002c 00000004H .CRT$XIZ                DATA
 0003:00000030 00000004H .CRT$XPA                DATA
 0003:00000034 00000004H .CRT$XPX                DATA
 0003:00000038 00000004H .CRT$XPZ                DATA
 0003:0000003c 00000004H .CRT$XTA                DATA
 0003:00000040 00000004H .CRT$XTB                DATA
 0003:00000044 00000004H .CRT$XTZ                DATA
 0003:00000050 0000325cH .data                   DATA
 0003:000032b0 00001ed8H .bss                    DATA
 0004:00000000 00000014H .idata$2                DATA
 0004:00000014 00000014H .idata$3                DATA
 0004:00000028 00000104H .idata$4                DATA
 0004:0000012c 00000104H .idata$5                DATA
 0004:00000230 00000490H .idata$6                DATA

  Address         Publics by Value              Rva+Base     Lib:Object

 0001:00000000       ??0CKFApp@@QAE@N@Z         00401000 f   KFApp.obj
 0001:00000050       ?Init@CKFApp@@UAEXABVCSINS@@H@Z 00401050 f   KFApp.obj
 0001:000004f0       ?SetMeas@CKFApp@@UAEXABVCVect3@@0@Z 004014f0 f   KFApp.obj
 0001:000005c0       ?Update@CKFApp@@QAEHPBVCVect3@@0HN@Z 004015c0 f   KFApp.obj
 0001:00000620       ?RTOutput@CSINSTDKF@@UAEXXZ 00401620 f i KFApp.obj
 0001:00000650       ?Miscellanous@CSINSTDKF@@UAEXXZ 00401650 f i KFApp.obj
 0001:00000680       ?SecretAttitude@CSINSTDKF@@UAEXXZ 00401680 f i KFApp.obj
 0001:000006b0       ?SetHk@CKFApp@@UAEXH@Z     004016b0 f i KFApp.obj
 0001:000006e0       ?SetMeas@CKFApp@@UAEXXZ    004016e0 f i KFApp.obj
 0001:00000710       _main                      00401710 f   Main_SinsGps.obj
 0001:00000ae0       ??1CFileRdSr@@QAE@XZ       00401ae0 f i Main_SinsGps.obj
 0001:00000b20       ??0CFileRdSr@@QAE@PBD@Z    00401b20 f i Main_SinsGps.obj
 0001:00000be0       ?load@CFileRdSr@@QAEHH@Z   00401be0 f i Main_SinsGps.obj
 0001:00000c30       ??0DataSensor@@QAE@XZ      00401c30 f i Main_SinsGps.obj
 0001:00001000       ??0CGLV@@QAE@NNNN@Z        00402000 f   PSINS.obj
 0001:000012f0       ??0CComplex@@QAE@NN@Z      004022f0 f   PSINS.obj
 0001:00001340       ??HCComplex@@QBE?AV0@ABV0@@Z 00402340 f   PSINS.obj
 0001:000013c0       ??HCComplex@@QBE?AV0@N@Z   004023c0 f   PSINS.obj
 0001:00001430       ??H@YA?AVCComplex@@NABV0@@Z 00402430 f   PSINS.obj
 0001:000014a0       ??GCComplex@@QBE?AV0@ABV0@@Z 004024a0 f   PSINS.obj
 0001:00001520       ??GCComplex@@QBE?AV0@N@Z   00402520 f   PSINS.obj
 0001:00001590       ??G@YA?AVCComplex@@NABV0@@Z 00402590 f   PSINS.obj
 0001:00001600       ??DCComplex@@QBE?AV0@ABV0@@Z 00402600 f   PSINS.obj
 0001:00001690       ??DCComplex@@QBE?AV0@N@Z   00402690 f   PSINS.obj
 0001:00001710       ??D@YA?AVCComplex@@NABV0@@Z 00402710 f   PSINS.obj
 0001:00001780       ??KCComplex@@QBE?AV0@ABV0@@Z 00402780 f   PSINS.obj
 0001:00001870       ??KCComplex@@QBE?AV0@N@Z   00402870 f   PSINS.obj
 0001:00001930       ??K@YA?AVCComplex@@NABV0@@Z 00402930 f   PSINS.obj
 0001:000019a0       ??G@YA?AVCComplex@@ABV0@@Z 004029a0 f   PSINS.obj
 0001:00001a10       ??4CComplex@@QAEAAV0@N@Z   00402a10 f   PSINS.obj
 0001:00001a60       ??S@YA?AVCComplex@@ABV0@@Z 00402a60 f   PSINS.obj
 0001:00001ad0       ?real@@YANABVCComplex@@@Z  00402ad0 f   PSINS.obj
 0001:00001b00       ?img@@YANABVCComplex@@@Z   00402b00 f   PSINS.obj
 0001:00001b30       ?norm@@YANABVCComplex@@@Z  00402b30 f   PSINS.obj
 0001:00001b80       ?arg@@YANABVCComplex@@@Z   00402b80 f   PSINS.obj
 0001:00001c00       ?pow@@YA?AVCComplex@@ABV1@N@Z 00402c00 f   PSINS.obj
 0001:00001d10       ?sqrt@@YA?AVCComplex@@ABV1@@Z 00402d10 f   PSINS.obj
 0001:00001de0       ?m33abc@@YA?AVCVect3@@ABVCMat3@@@Z 00402de0 f   PSINS.obj
 0001:00001ef0       ?realrt3@@YA?AVCVect3@@NNN@Z 00402ef0 f   PSINS.obj
 0001:00002250       ??0CComplex@@QAE@XZ        00403250 f i PSINS.obj
 0001:00002280       ?ShengJin@@YA?AVCVect3@@NNN@Z 00403280 f   PSINS.obj
 0001:00002430       ??0CVect3@@QAE@XZ          00403430 f   PSINS.obj
 0001:00002460       ??0CVect3@@QAE@N@Z         00403460 f   PSINS.obj
 0001:000024c0       ??0CVect3@@QAE@NNN@Z       004034c0 f   PSINS.obj
 0001:00002520       ??0CVect3@@QAE@PBN@Z       00403520 f   PSINS.obj
 0001:00002590       ??0CVect3@@QAE@PBM@Z       00403590 f   PSINS.obj
 0001:000025f0       ?IsZero@@YAHABVCVect3@@N@Z 004035f0 f   PSINS.obj
 0001:00002690       ?IsZeroXY@@YAHABVCVect3@@N@Z 00403690 f   PSINS.obj
 0001:00002710       ?IsNaN@@YAHABVCVect3@@@Z   00403710 f   PSINS.obj
 0001:00002740       ??HCVect3@@QBE?AV0@ABV0@@Z 00403740 f   PSINS.obj
 0001:000027c0       ??GCVect3@@QBE?AV0@ABV0@@Z 004037c0 f   PSINS.obj
 0001:00002840       ??DCVect3@@QBE?AV0@ABV0@@Z 00403840 f   PSINS.obj
 0001:000028f0       ??DCVect3@@QBE?AV0@N@Z     004038f0 f   PSINS.obj
 0001:00002970       ??DCVect3@@QBE?AV0@ABVCMat3@@@Z 00403970 f   PSINS.obj
 0001:00002a40       ??KCVect3@@QBE?AV0@N@Z     00403a40 f   PSINS.obj
 0001:00002ac0       ??KCVect3@@QBE?AV0@ABV0@@Z 00403ac0 f   PSINS.obj
 0001:00002b40       ??4CVect3@@QAEAAV0@N@Z     00403b40 f   PSINS.obj
 0001:00002ba0       ??4CVect3@@QAEAAV0@PBN@Z   00403ba0 f   PSINS.obj
 0001:00002c10       ??YCVect3@@QAEAAV0@ABV0@@Z 00403c10 f   PSINS.obj
 0001:00002c70       ??ZCVect3@@QAEAAV0@ABV0@@Z 00403c70 f   PSINS.obj
 0001:00002cd0       ??XCVect3@@QAEAAV0@N@Z     00403cd0 f   PSINS.obj
 0001:00002d30       ??_0CVect3@@QAEAAV0@N@Z    00403d30 f   PSINS.obj
 0001:00002d90       ??_0CVect3@@QAEAAV0@ABV0@@Z 00403d90 f   PSINS.obj
 0001:00002df0       ??D@YA?AVCVect3@@NABV0@@Z  00403df0 f   PSINS.obj
 0001:00002e60       ??G@YA?AVCVect3@@ABV0@@Z   00403e60 f   PSINS.obj
 0001:00002ed0       ?vxv@@YA?AVCMat3@@ABVCVect3@@0@Z 00403ed0 f   PSINS.obj
 0001:00002fc0       ?sqrt@@YA?AVCVect3@@ABV1@@Z 00403fc0 f   PSINS.obj
 0001:00003040       ?pow@@YA?AVCVect3@@ABV1@H@Z 00404040 f   PSINS.obj
 0001:000030c0       ?abs@@YA?AVCVect3@@ABV1@@Z 004040c0 f   PSINS.obj
 0001:000031b0       ?norm@@YANABVCVect3@@@Z    004041b0 f   PSINS.obj
 0001:00003210       ?normInf@@YANABVCVect3@@@Z 00404210 f   PSINS.obj
 0001:00003350       ?normXY@@YANABVCVect3@@@Z  00404350 f   PSINS.obj
 0001:000033a0       ?dot@@YANABVCVect3@@0@Z    004043a0 f   PSINS.obj
 0001:000033f0       ?dotmul@@YA?AVCVect3@@ABV1@0@Z 004043f0 f   PSINS.obj
 0001:00003470       ?rv2q@@YA?AVCQuat@@ABVCVect3@@@Z 00404470 f   PSINS.obj
 0001:000035c0       ?askew@@YA?AVCMat3@@ABVCVect3@@@Z 004045c0 f   PSINS.obj
 0001:00003660       ?pos2Cen@@YA?AVCMat3@@ABVCVect3@@@Z 00404660 f   PSINS.obj
 0001:00003760       ?pp2vn@@YA?AVCVect3@@ABV1@0NPAVCEarth@@@Z 00404760 f   PSINS.obj
 0001:000038b0       ?sinAng@@YANABVCVect3@@0@Z 004048b0 f   PSINS.obj
 0001:00003960       ?MagYaw@@YANABVCVect3@@0N@Z 00404960 f   PSINS.obj
 0001:00003a70       ?xyz2blh@@YA?AVCVect3@@ABV1@@Z 00404a70 f   PSINS.obj
 0001:00003c30       ?blh2xyz@@YA?AVCVect3@@ABV1@@Z 00404c30 f   PSINS.obj
 0001:00003d40       ?Vxyz2enu@@YA?AVCVect3@@ABV1@0@Z 00404d40 f   PSINS.obj
 0001:00003da0       ?sort@@YA?AVCVect3@@ABV1@@Z 00404da0 f   PSINS.obj
 0001:00003e70       ??0CQuat@@QAE@XZ           00404e70 f   PSINS.obj
 0001:00003ea0       ??0CQuat@@QAE@NNNN@Z       00404ea0 f   PSINS.obj
 0001:00003f10       ??0CQuat@@QAE@PBN@Z        00404f10 f   PSINS.obj
 0001:00003fa0       ??HCQuat@@QBE?AV0@ABVCVect3@@@Z 00404fa0 f   PSINS.obj
 0001:00004030       ??GCQuat@@QBE?AV0@ABVCVect3@@@Z 00405030 f   PSINS.obj
 0001:000040b0       ??GCQuat@@QBE?AVCVect3@@AAV0@@Z 004050b0 f   PSINS.obj
 0001:000041f0       ??DCQuat@@QBE?AV0@ABV0@@Z  004051f0 f   PSINS.obj
 0001:00004320       ??XCQuat@@QAEAAV0@ABV0@@Z  00405320 f   PSINS.obj
 0001:00004370       ??ZCQuat@@QAEAAV0@ABVCVect3@@@Z 00405370 f   PSINS.obj
 0001:000043f0       ??S@YA?AVCQuat@@ABV0@@Z    004053f0 f   PSINS.obj
 0001:00004470       ??DCQuat@@QBE?AVCVect3@@ABV1@@Z 00405470 f   PSINS.obj
 0001:00004600       ?SetYaw@CQuat@@QAEXN@Z     00405600 f   PSINS.obj
 0001:00004680       ?normlize@@YAXPAVCQuat@@@Z 00405680 f   PSINS.obj
 0001:00004730       ?q2rv@@YA?AVCVect3@@ABVCQuat@@@Z 00405730 f   PSINS.obj
 0001:00004860       ?qq2phi@@YA?AVCVect3@@ABVCQuat@@0@Z 00405860 f   PSINS.obj
 0001:000048d0       ?UpDown@@YA?AVCQuat@@ABV1@@Z 004058d0 f   PSINS.obj
 0001:00004960       ??0CMat3@@QAE@XZ           00405960 f   PSINS.obj
 0001:00004990       ??0CMat3@@QAE@N@Z          00405990 f   PSINS.obj
 0001:00004a40       ??0CMat3@@QAE@NNN@Z        00405a40 f   PSINS.obj
 0001:00004b00       ??0CMat3@@QAE@NNNNNNNNN@Z  00405b00 f   PSINS.obj
 0001:00004bb0       ??0CMat3@@QAE@ABVCVect3@@00H@Z 00405bb0 f   PSINS.obj
 0001:00004d30       ?dv2att@@YA?AVCMat3@@ABVCVect3@@000@Z 00405d30 f   PSINS.obj
 0001:00004fb0       ?vn2att@@YA?AVCVect3@@ABV1@@Z 00405fb0 f   PSINS.obj
 0001:00005070       ??G@YA?AVCMat3@@ABV0@@Z    00406070 f   PSINS.obj
 0001:00005140       ??S@YA?AVCMat3@@ABV0@@Z    00406140 f   PSINS.obj
 0001:000051f0       ??DCMat3@@QBE?AV0@ABV0@@Z  004061f0 f   PSINS.obj
 0001:000053c0       ??HCMat3@@QBE?AV0@ABV0@@Z  004063c0 f   PSINS.obj
 0001:000054a0       ??YCMat3@@QAEAAV0@ABV0@@Z  004064a0 f   PSINS.obj
 0001:00005570       ??HCMat3@@QBE?AV0@ABVCVect3@@@Z 00406570 f   PSINS.obj
 0001:000055e0       ??YCMat3@@QAEAAV0@ABVCVect3@@@Z 004065e0 f   PSINS.obj
 0001:00005640       ??GCMat3@@QBE?AV0@ABV0@@Z  00406640 f   PSINS.obj
 0001:00005720       ??DCMat3@@QBE?AV0@N@Z      00406720 f   PSINS.obj
 0001:00005800       ?SetRow@CMat3@@QAEXHAAVCVect3@@@Z 00406800 f   PSINS.obj
 0001:00005870       ?SetClm@CMat3@@QAEXHAAVCVect3@@@Z 00406870 f   PSINS.obj
 0001:000058e0       ?GetRow@CMat3@@QBE?AVCVect3@@H@Z 004068e0 f   PSINS.obj
 0001:00005960       ?GetClm@CMat3@@QBE?AVCVect3@@H@Z 00406960 f   PSINS.obj
 0001:000059e0       ?rcijk@@YA?AVCMat3@@ABV1@H@Z 004069e0 f   PSINS.obj
 0001:00005dc0       ?symmetry@@YAXAAVCMat3@@@Z 00406dc0 f   PSINS.obj
 0001:00005e60       ??D@YA?AVCMat3@@NABV0@@Z   00406e60 f   PSINS.obj
 0001:00005f30       ??DCMat3@@QBE?AVCVect3@@ABV1@@Z 00406f30 f   PSINS.obj
 0001:00006000       ?det@@YANABVCMat3@@@Z      00407000 f   PSINS.obj
 0001:00006090       ?trace@@YANABVCMat3@@@Z    00407090 f   PSINS.obj
 0001:000060c0       ?pow@@YA?AVCMat3@@ABV1@H@Z 004070c0 f   PSINS.obj
 0001:00006150       ?a2qua@@YA?AVCQuat@@NNN@Z  00407150 f   PSINS.obj
 0001:00006290       ?a2qua@@YA?AVCQuat@@ABVCVect3@@@Z 00407290 f   PSINS.obj
 0001:00006300       ?a2mat@@YA?AVCMat3@@ABVCVect3@@@Z 00407300 f   PSINS.obj
 0001:00006450       ?m2att@@YA?AVCVect3@@ABVCMat3@@@Z 00407450 f   PSINS.obj
 0001:00006510       ?m2qua@@YA?AVCQuat@@ABVCMat3@@@Z 00407510 f   PSINS.obj
 0001:000067e0       ?q2att@@YA?AVCVect3@@ABVCQuat@@@Z 004077e0 f   PSINS.obj
 0001:00006950       ?q2mat@@YA?AVCMat3@@ABVCQuat@@@Z 00407950 f   PSINS.obj
 0001:00006ab0       ?adj@@YA?AVCMat3@@ABV1@@Z  00407ab0 f   PSINS.obj
 0001:00006c10       ?inv@@YA?AVCMat3@@ABV1@@Z  00407c10 f   PSINS.obj
 0001:00006cb0       ?diag@@YA?AVCVect3@@ABVCMat3@@@Z 00407cb0 f   PSINS.obj
 0001:00006d10       ?diag@@YA?AVCMat3@@ABVCVect3@@@Z 00407d10 f   PSINS.obj
 0001:00006da0       ?MMT@@YA?AVCMat3@@ABV1@0@Z 00407da0 f   PSINS.obj
 0001:00006f30       ?trMMT@@YANABVCMat3@@0@Z   00407f30 f   PSINS.obj
 0001:00006ff0       ?norm@@YANABVCMat3@@@Z     00407ff0 f   PSINS.obj
 0001:00007040       ?sfoam@@YA?AVCMat3@@ABV1@H@Z 00408040 f   PSINS.obj
 0001:00007750       ??0CMat@@QAE@XZ            00408750 f   PSINS.obj
 0001:00007780       ??0CMat@@QAE@HH@Z          00408780 f   PSINS.obj
 0001:000077d0       ??0CMat@@QAE@HHN@Z         004087d0 f   PSINS.obj
 0001:00007860       ??0CMat@@QAA@HHNNZZ        00408860 f   PSINS.obj
 0001:00007910       ??0CMat@@QAE@HHPBN@Z       00408910 f   PSINS.obj
 0001:00007990       ?Clear@CMat@@QAEXXZ        00408990 f   PSINS.obj
 0001:00007a00       ??DCMat@@QBE?AV0@ABV0@@Z   00408a00 f   PSINS.obj
 0001:00007bf0       ??DCMat@@QBE?AVCVect@@ABV1@@Z 00408bf0 f   PSINS.obj
 0001:00007d40       ??HCMat@@QBE?AV0@ABV0@@Z   00408d40 f   PSINS.obj
 0001:00007e40       ??YCMat@@QAEAAV0@ABVCVect@@@Z 00408e40 f   PSINS.obj
 0001:00007ed0       ??GCMat@@QBE?AV0@ABV0@@Z   00408ed0 f   PSINS.obj
 0001:00007fd0       ??DCMat@@QBE?AV0@N@Z       00408fd0 f   PSINS.obj
 0001:000080b0       ??4CMat@@QAEAAV0@N@Z       004090b0 f   PSINS.obj
 0001:00008120       ??YCMat@@QAEAAV0@ABV0@@Z   00409120 f   PSINS.obj
 0001:000081a0       ??ZCMat@@QAEAAV0@ABV0@@Z   004091a0 f   PSINS.obj
 0001:00008220       ??XCMat@@QAEAAV0@N@Z       00409220 f   PSINS.obj
 0001:00008290       ??ECMat@@QAEAAV0@XZ        00409290 f   PSINS.obj
 0001:00008310       ??S@YA?AVCMat@@ABV0@@Z     00409310 f   PSINS.obj
 0001:00008410       ?symmetry@@YAXAAVCMat@@@Z  00409410 f   PSINS.obj
 0001:00008500       ?dotmul@@YA?AVCMat@@ABV1@0@Z 00409500 f   PSINS.obj
 0001:000085f0       ??RCMat@@QAEAANHH@Z        004095f0 f   PSINS.obj
 0001:00008640       ?SetRow@CMat@@QAAXHNZZ     00409640 f   PSINS.obj
 0001:000086d0       ?SetRow@CMat@@QAEXHABVCVect@@@Z 004096d0 f   PSINS.obj
 0001:00008750       ?SetClm@CMat@@QAAXHNZZ     00409750 f   PSINS.obj
 0001:000087e0       ?SetClm@CMat@@QAEXHABVCVect@@@Z 004097e0 f   PSINS.obj
 0001:00008860       ?SetClmVect3@CMat@@QAEXHHABVCVect3@@@Z 00409860 f   PSINS.obj
 0001:000088f0       ?SetRowVect3@CMat@@QAEXHHABVCVect3@@@Z 004098f0 f   PSINS.obj
 0001:00008940       ?SetDiagVect3@CMat@@QAEXHHABVCVect3@@@Z 00409940 f   PSINS.obj
 0001:000089d0       ?GetDiagVect3@CMat@@QAE?AVCVect3@@HH@Z 004099d0 f   PSINS.obj
 0001:00008a90       ?SetAskew@CMat@@QAEXHHABVCVect3@@@Z 00409a90 f   PSINS.obj
 0001:00008b80       ?SetMat3@CMat@@QAEXHHABVCMat3@@@Z 00409b80 f   PSINS.obj
 0001:00008c10       ?GetMat3@CMat@@QBE?AVCMat3@@HH@Z 00409c10 f   PSINS.obj
 0001:00008cd0       ?SubAddMat3@CMat@@QAEXHHABVCMat3@@@Z 00409cd0 f   PSINS.obj
 0001:00008d60       ?GetRow@CMat@@QBE?AVCVect@@H@Z 00409d60 f   PSINS.obj
 0001:00008e40       ?GetClm@CMat@@QBE?AVCVect@@H@Z 00409e40 f   PSINS.obj
 0001:00008f20       ?ZeroRow@CMat@@QAEXH@Z     00409f20 f   PSINS.obj
 0001:00008f90       ?ZeroClm@CMat@@QAEXH@Z     00409f90 f   PSINS.obj
 0001:00009000       ?SetDiag@CMat@@QAAXNZZ     0040a000 f   PSINS.obj
 0001:000090e0       ?SetDiag2@CMat@@QAAXNZZ    0040a0e0 f   PSINS.obj
 0001:000091c0       ?normInf@@YANAAVCMat@@@Z   0040a1c0 f   PSINS.obj
 0001:00009260       ?diag@@YA?AVCVect@@ABVCMat@@@Z 0040a260 f   PSINS.obj
 0001:00009340       ?RowMul@@YAXAAVCMat@@ABV1@1H@Z 0040a340 f   PSINS.obj
 0001:00009430       ?RowMulT@@YAXAAVCMat@@ABV1@1H@Z 0040a430 f   PSINS.obj
 0001:00009510       ?diag@@YA?AVCMat@@ABVCVect@@@Z 0040a510 f   PSINS.obj
 0001:00009620       ?DVMDVafa@@YAXABVCVect@@AAVCMat@@N@Z 0040a620 f   PSINS.obj
 0001:00009710       ??0CVect@@QAE@XZ           0040a710 f   PSINS.obj
 0001:00009740       ??0CVect@@QAE@HH@Z         0040a740 f   PSINS.obj
 0001:000097b0       ??0CVect@@QAE@HN@Z         0040a7b0 f   PSINS.obj
 0001:00009830       ??0CVect@@QAE@HPBN@Z       0040a830 f   PSINS.obj
 0001:000098b0       ??0CVect@@QAA@HNNZZ        0040a8b0 f   PSINS.obj
 0001:00009980       ??0CVect@@QAE@ABVCVect3@@@Z 0040a980 f   PSINS.obj
 0001:00009a10       ??0CVect@@QAE@ABVCVect3@@V1@@Z 0040aa10 f   PSINS.obj
 0001:00009ac0       ??S@YA?AVCVect@@ABV0@@Z    0040aac0 f   PSINS.obj
 0001:00009b20       ??DCVect@@QBE?AV0@ABVCMat@@@Z 0040ab20 f   PSINS.obj
 0001:00009c80       ??DCVect@@QBE?AVCMat@@ABV0@@Z 0040ac80 f   PSINS.obj
 0001:00009e40       ??HCVect@@QBE?AV0@ABV0@@Z  0040ae40 f   PSINS.obj
 0001:00009f20       ??GCVect@@QBE?AV0@ABV0@@Z  0040af20 f   PSINS.obj
 0001:0000a000       ??DCVect@@QBE?AV0@N@Z      0040b000 f   PSINS.obj
 0001:0000a0e0       ??4CVect@@QAEAAV0@N@Z      0040b0e0 f   PSINS.obj
 0001:0000a150       ??4CVect@@QAEAAV0@PBN@Z    0040b150 f   PSINS.obj
 0001:0000a1c0       ??4CVect@@QAEAAV0@ABVCMat3@@@Z 0040b1c0 f   PSINS.obj
 0001:0000a230       ??YCVect@@QAEAAV0@ABV0@@Z  0040b230 f   PSINS.obj
 0001:0000a2b0       ??ZCVect@@QAEAAV0@ABV0@@Z  0040b2b0 f   PSINS.obj
 0001:0000a330       ??XCVect@@QAEAAV0@N@Z      0040b330 f   PSINS.obj
 0001:0000a3a0       ?dot@@YANABVCVect@@0@Z     0040b3a0 f   PSINS.obj
 0001:0000a420       ?dotmul@@YA?AVCVect@@ABV1@0@Z 0040b420 f   PSINS.obj
 0001:0000a510       ?pow@@YA?AVCVect@@ABV1@H@Z 0040b510 f   PSINS.obj
 0001:0000a600       ?abs@@YA?AVCVect@@ABV1@@Z  0040b600 f   PSINS.obj
 0001:0000a710       ?norm@@YANABVCVect@@@Z     0040b710 f   PSINS.obj
 0001:0000a7a0       ?normInf@@YANABVCVect@@@Z  0040b7a0 f   PSINS.obj
 0001:0000a840       ??RCVect@@QAEAANH@Z        0040b840 f   PSINS.obj
 0001:0000a870       ?Set@CVect@@QAAXNZZ        0040b870 f   PSINS.obj
 0001:0000a900       ?Set2@CVect@@QAAXNZZ       0040b900 f   PSINS.obj
 0001:0000a990       ?sort@@YA?AVCVect@@ABV1@@Z 0040b990 f   PSINS.obj
 0001:0000aab0       ??0CIIR@@QAE@XZ            0040bab0 f   PSINS.obj
 0001:0000aae0       ??0CIIR@@QAE@PAN0H@Z       0040bae0 f   PSINS.obj
 0001:0000aba0       ?Update@CIIR@@QAENN@Z      0040bba0 f   PSINS.obj
 0001:0000acb0       ??0CIIRV3@@QAE@XZ          0040bcb0 f   PSINS.obj
 0001:0000ad20       ??0CIIRV3@@QAE@PAN0H00H00H@Z 0040bd20 f   PSINS.obj
 0001:0000ae40       ?Update@CIIRV3@@QAE?AVCVect3@@ABV2@@Z 0040be40 f   PSINS.obj
 0001:0000af00       ??0CRAvar@@QAE@XZ          0040bf00 f   PSINS.obj
 0001:0000af30       ??0CRAvar@@QAE@HH@Z        0040bf30 f   PSINS.obj
 0001:0000afb0       ?set@CRAvar@@QAEXNNNNH@Z   0040bfb0 f   PSINS.obj
 0001:0000b0d0       ?set@CRAvar@@QAEXABVCVect3@@000@Z 0040c0d0 f   PSINS.obj
 0001:0000b190       ?set@CRAvar@@QAEXABVCVect@@000@Z 0040c190 f   PSINS.obj
 0001:0000b260       ?Update@CRAvar@@QAEXNNH@Z  0040c260 f   PSINS.obj
 0001:0000b460       ?Update@CRAvar@@QAEXABVCVect3@@N@Z 0040c460 f   PSINS.obj
 0001:0000b4e0       ?Update@CRAvar@@QAEXABVCVect@@N@Z 0040c4e0 f   PSINS.obj
 0001:0000b560       ??RCRAvar@@QAENH@Z         0040c560 f   PSINS.obj
 0001:0000b5e0       ??0CVAR@@QAE@HN@Z          0040c5e0 f   PSINS.obj
 0001:0000b6a0       ?Update@CVAR@@QAENNH@Z     0040c6a0 f   PSINS.obj
 0001:0000b820       ??0CVARn@@QAE@XZ           0040c820 f   PSINS.obj
 0001:0000b860       ??0CVARn@@QAE@HH@Z         0040c860 f   PSINS.obj
 0001:0000b9e0       ??1CVARn@@QAE@XZ           0040c9e0 f   PSINS.obj
 0001:0000ba40       ?Reset@CVARn@@QAEXXZ       0040ca40 f   PSINS.obj
 0001:0000bad0       ?Update@CVARn@@QAEHPBN@Z   0040cad0 f   PSINS.obj
 0001:0000bd10       ?Update@CVARn@@QAAHNZZ     0040cd10 f   PSINS.obj
 0001:0000bda0       ??0CMaxMin@@QAE@HHN@Z      0040cda0 f   PSINS.obj
 0001:0000beb0       ?Update@CMaxMin@@QAEHN@Z   0040ceb0 f   PSINS.obj
 0001:0000c050       ??0CMaxMinn@@QAE@HHHN@Z    0040d050 f   PSINS.obj
 0001:0000c100       ??_FCMaxMin@@QAEXXZ        0040d100 f i PSINS.obj
 0001:0000c140       ??_H@YGXPAXIHP6EX0@Z@Z     0040d140 f i PSINS.obj
 0001:0000c1a0       ?Update@CMaxMinn@@QAAHNZZ  0040d1a0 f   PSINS.obj
 0001:0000c240       ?Update@CMaxMinn@@QAEHABVCVect3@@@Z 0040d240 f   PSINS.obj
 0001:0000c2d0       ?Update@CMaxMinn@@QAEHABVCVect3@@0@Z 0040d2d0 f   PSINS.obj
 0001:0000c3a0       ??0CKalman@@QAE@XZ         0040d3a0 f   PSINS.obj
 0001:0000c560       ??0CKalman@@QAE@HH@Z       0040d560 f   PSINS.obj
 0001:0000c740       ?Init@CKalman@@QAEXHH@Z    0040d740 f   PSINS.obj
 0001:0000cbb0       ?SetRmaxcount@CKalman@@QAEXH@Z 0040dbb0 f   PSINS.obj
 0001:0000cc20       ?TimeUpdate@CKalman@@QAEXNH@Z 0040dc20 f   PSINS.obj
 0001:0000cdc0       ?SetMeasFlag@CKalman@@QAEXH@Z 0040ddc0 f   PSINS.obj
 0001:0000ce10       ?MeasUpdate@CKalman@@QAEHN@Z 0040de10 f   PSINS.obj
 0001:0000d170       ?RAdaptive@CKalman@@QAEHHNN@Z 0040e170 f   PSINS.obj
 0001:0000d300       ?RPkFading@CKalman@@QAEXH@Z 0040e300 f   PSINS.obj
 0001:0000d3f0       ?XPConstrain@CKalman@@QAEXXZ 0040e3f0 f   PSINS.obj
 0001:0000d730       ?Feedback@CKalman@@UAEXHN@Z 0040e730 f   PSINS.obj
 0001:0000d980       ?RtFading@CKalman@@QAEXHN@Z 0040e980 f   PSINS.obj
 0001:0000dad0       ?fusion@@YAXPAN0PBN1H00@Z  0040ead0 f   PSINS.obj
 0001:0000dc80       ?fusion@@YAXAAVCVect3@@0V1@1@Z 0040ec80 f   PSINS.obj
 0001:0000dcd0       ?fusion@@YAXAAVCVect3@@0V1@100@Z 0040ecd0 f   PSINS.obj
 0001:0000dd20       ??0CSINSTDKF@@QAE@XZ       0040ed20 f   PSINS.obj
 0001:0000de00       ??0CSINSTDKF@@QAE@HH@Z     0040ee00 f   PSINS.obj
 0001:0000dee0       ?Init@CSINSTDKF@@QAEXABVCSINS@@@Z 0040eee0 f   PSINS.obj
 0001:0000e070       ?TDReset@CSINSTDKF@@QAEXXZ 0040f070 f   PSINS.obj
 0001:0000e0e0       ?TDUpdate@CSINSTDKF@@QAEHPBVCVect3@@0HNH@Z 0040f0e0 f   PSINS.obj
 0001:0000ea30       ?MeasUpdate@CSINSTDKF@@QAEXABVCVect@@NN@Z 0040fa30 f   PSINS.obj
 0001:0000ebf0       ?MarkovGyro@CSINSTDKF@@QAEXABVCVect3@@0H@Z 0040fbf0 f   PSINS.obj
 0001:0000ec70       ?MarkovAcc@CSINSTDKF@@QAEXABVCVect3@@0H@Z 0040fc70 f   PSINS.obj
 0001:0000ecf0       ?SetYaw@CSINSTDKF@@QAEXNHH@Z 0040fcf0 f   PSINS.obj
 0001:0000eef0       ??0CSINSGNSS@@QAE@XZ       0040fef0 f   PSINS.obj
 0001:0000ef50       ?SetMeas@CSINSGNSS@@UAEXXZ 0040ff50 f i PSINS.obj
 0001:0000ef80       ??0CAVPInterp@@QAE@XZ      0040ff80 f i PSINS.obj
 0001:0000f020       ??0CSINSGNSS@@QAE@HHN@Z    00410020 f   PSINS.obj
 0001:0000f1d0       ?Init@CSINSGNSS@@QAEXABVCSINS@@H@Z 004101d0 f   PSINS.obj
 0001:000102d0       ?SetFt@CSINSGNSS@@UAEXH@Z  004112d0 f   PSINS.obj
 0001:00010750       ?SetHk@CSINSGNSS@@UAEXH@Z  00411750 f   PSINS.obj
 0001:000108e0       ?Feedback@CSINSGNSS@@UAEXHN@Z 004118e0 f   PSINS.obj
 0001:00010c10       ?SetMeasGNSS@CSINSGNSS@@QAEXABVCVect3@@0@Z 00411c10 f   PSINS.obj
 0001:00010d20       ?Update@CSINSGNSS@@QAEHPBVCVect3@@0HNH@Z 00411d20 f   PSINS.obj
 0001:00010db0       ??0CSINSGNSSDR@@QAE@XZ     00411db0 f   PSINS.obj
 0001:00010e10       ?SetHk@CSINSGNSSDR@@UAEXH@Z 00411e10 f i PSINS.obj
 0001:00010e40       ??0CSINSGNSSDR@@QAE@N@Z    00411e40 f   PSINS.obj
 0001:00010f80       ?Init@CSINSGNSSDR@@QAEXABVCSINS@@H@Z 00411f80 f   PSINS.obj
 0001:000114e0       ?SetFt@CSINSGNSSDR@@UAEXH@Z 004124e0 f   PSINS.obj
 0001:00011680       ?Feedback@CSINSGNSSDR@@UAEXHN@Z 00412680 f   PSINS.obj
 0001:00011770       ?SetMeas@CSINSGNSSDR@@UAEXXZ 00412770 f   PSINS.obj
 0001:000117f0       ?SetMeasGNSS@CSINSGNSSDR@@QAEXABVCVect3@@0N@Z 004127f0 f   PSINS.obj
 0001:00011970       ?Update@CSINSGNSSDR@@QAEHPBVCVect3@@0NHN@Z 00412970 f   PSINS.obj
 0001:00011a90       ?Init@CCAM@@QAEXABVCVect3@@0NN@Z 00412a90 f   PSINS.obj
 0001:00011b60       ?Init@CCAM@@QAEXABVCVect3@@NN@Z 00412b60 f   PSINS.obj
 0001:00011bd0       ?Update@CCAM@@QAEXNNNN@Z   00412bd0 f   PSINS.obj
 0001:00011cd0       ?Update@CCAM@@QAEXNN@Z     00412cd0 f   PSINS.obj
 0001:00011f30       ?Init@CCALLH@@QAEXAAVCSINS@@ABVCVect3@@@Z 00412f30 f   PSINS.obj
 0001:00012100       ?Update@CCALLH@@QAEXABVCSINS@@ABVCVect3@@1@Z 00413100 f   PSINS.obj
 0001:000122f0       ?Update@CCALLH@@QAEXABVCVect3@@0@Z 004132f0 f   PSINS.obj
 0001:000123a0       ?OutLLH@CCALLH@@QAEXXZ     004133a0 f   PSINS.obj
 0001:000125a0       ??0CEarth@@QAE@NNN@Z       004135a0 f   PSINS.obj
 0001:00012700       ?Update@CEarth@@QAEXABVCVect3@@0H@Z 00413700 f   PSINS.obj
 0001:00012c00       ?vn2dpos@CEarth@@QBE?AVCVect3@@ABV2@N@Z 00413c00 f   PSINS.obj
 0001:00012c90       ??0CIMU@@QAE@XZ            00413c90 f   PSINS.obj
 0001:00012df0       ?SetRFU@CIMU@@QAEXPBD@Z    00413df0 f   PSINS.obj
 0001:00012e60       ?SetgSens@CIMU@@QAEXABVCMat3@@00@Z 00413e60 f   PSINS.obj
 0001:00012f00       ?SetKa2@CIMU@@QAEXABVCVect3@@@Z 00413f00 f   PSINS.obj
 0001:00012f50       ?Update@CIMU@@QAEXPBVCVect3@@0HN@Z 00413f50 f   PSINS.obj
 0001:00013650       ?IMURFU@@YAXPAVCVect3@@HPBD@Z 00414650 f   PSINS.obj
 0001:000137a0       ?IMURFU@@YAXPAVCVect3@@0HPBD@Z 004147a0 f   PSINS.obj
 0001:00013800       ?IMUStatic@@YAXAAVCVect3@@000N@Z 00414800 f   PSINS.obj
 0001:00013930       ??0CSINS@@QAE@ABVCVect3@@00N@Z 00414930 f   PSINS.obj
 0001:00013c30       ??0CSINS@@QAE@ABVCQuat@@ABVCVect3@@1N@Z 00414c30 f   PSINS.obj
 0001:00013f20       ?Init@CSINS@@QAEXABVCQuat@@ABVCVect3@@1N@Z 00414f20 f   PSINS.obj
 0001:00014320       ?SetTauGA@CSINS@@QAEXABVCVect3@@0@Z 00415320 f   PSINS.obj
 0001:00014540       ?Update@CSINS@@QAEXPBVCVect3@@0HN@Z 00415540 f   PSINS.obj
 0001:00015160       ?Extrap@CSINS@@QAEXABVCVect3@@0N@Z 00416160 f   PSINS.obj
 0001:00015320       ?Extrap@CSINS@@QAEXN@Z     00416320 f   PSINS.obj
 0001:000154a0       ?lever@CSINS@@QAEXABVCVect3@@PAV2@1@Z 004164a0 f   PSINS.obj
 0001:000156c0       ?etm@CSINS@@QAEXXZ         004166c0 f   PSINS.obj
 0001:00015bf0       ?Init@CAVPInterp@@QAEXABVCSINS@@N@Z 00416bf0 f   PSINS.obj
 0001:00015c50       ?Init@CAVPInterp@@QAEXABVCVect3@@00N@Z 00416c50 f   PSINS.obj
 0001:00015d30       ?Push@CAVPInterp@@QAEXABVCSINS@@H@Z 00416d30 f   PSINS.obj
 0001:00015dc0       ?Push@CAVPInterp@@QAEXABVCVect3@@00@Z 00416dc0 f   PSINS.obj
 0001:00015e60       ?Interp@CAVPInterp@@QAEHN@Z 00416e60 f   PSINS.obj
 0001:00016200       ?time2fname@@YAPADXZ       00417200 f   PSINS.obj
 0001:00016270       ?Dir@CFileRdWt@@SAXPBD0@Z  00417270 f   PSINS.obj
 0001:00016390       ??0CFileRdWt@@QAE@XZ       00417390 f   PSINS.obj
 0001:000163c0       ??0CFileRdWt@@QAE@PBDH@Z   004173c0 f   PSINS.obj
 0001:00016430       ??1CFileRdWt@@QAE@XZ       00417430 f   PSINS.obj
 0001:00016480       ?Init@CFileRdWt@@QAEXPBDH@Z 00417480 f   PSINS.obj
 0001:00016810       ??_GCFileRdWt@@QAEPAXI@Z   00417810 f i PSINS.obj
 0001:00016870       ?load@CFileRdWt@@QAEHHH@Z  00417870 f   PSINS.obj
 0001:00016d20       ?loadf32@CFileRdWt@@QAEHH@Z 00417d20 f   PSINS.obj
 0001:00016e10       ?load@CFileRdWt@@QAEJPAEJ@Z 00417e10 f   PSINS.obj
 0001:00016ec0       ?bwseek@CFileRdWt@@QAEXHH@Z 00417ec0 f   PSINS.obj
 0001:00016f20       ?filesize@CFileRdWt@@QAEJH@Z 00417f20 f   PSINS.obj
 0001:00016ff0       ?getl@CFileRdWt@@QAEHXZ    00417ff0 f   PSINS.obj
 0001:00017050       ?waitfor@CFileRdWt@@QAEHHNN@Z 00418050 f   PSINS.obj
 0001:000170f0       ??6CFileRdWt@@QAEAAV0@N@Z  004180f0 f   PSINS.obj
 0001:00017140       ??6CFileRdWt@@QAEAAV0@ABVCVect3@@@Z 00418140 f   PSINS.obj
 0001:00017190       ??6CFileRdWt@@QAEAAV0@ABVCQuat@@@Z 00418190 f   PSINS.obj
 0001:000171e0       ??6CFileRdWt@@QAEAAV0@ABVCMat3@@@Z 004181e0 f   PSINS.obj
 0001:00017230       ??6CFileRdWt@@QAEAAV0@ABVCVect@@@Z 00418230 f   PSINS.obj
 0001:00017290       ??6CFileRdWt@@QAEAAV0@ABVCMat@@@Z 00418290 f   PSINS.obj
 0001:000172f0       ??6CFileRdWt@@QAEAAV0@ABVCRAvar@@@Z 004182f0 f   PSINS.obj
 0001:00017350       ??6CFileRdWt@@QAEAAV0@ABVCMaxMinn@@@Z 00418350 f   PSINS.obj
 0001:00017430       ??6CFileRdWt@@QAEAAV0@ABVCAligni0@@@Z 00418430 f   PSINS.obj
 0001:000174c0       ??6CFileRdWt@@QAEAAV0@ABVCSINS@@@Z 004184c0 f   PSINS.obj
 0001:000175d0       ??6CFileRdWt@@QAEAAV0@ABVCRMemory@@@Z 004185d0 f   PSINS.obj
 0001:00017620       ??6CFileRdWt@@QAEAAV0@AAVCKalman@@@Z 00418620 f   PSINS.obj
 0001:000176e0       ??5CFileRdWt@@QAEAAV0@AAN@Z 004186e0 f   PSINS.obj
 0001:00017730       ??5CFileRdWt@@QAEAAV0@AAVCVect3@@@Z 00418730 f   PSINS.obj
 0001:00017780       ??5CFileRdWt@@QAEAAV0@AAVCQuat@@@Z 00418780 f   PSINS.obj
 0001:000177d0       ??5CFileRdWt@@QAEAAV0@AAVCMat3@@@Z 004187d0 f   PSINS.obj
 0001:00017820       ??5CFileRdWt@@QAEAAV0@AAVCVect@@@Z 00418820 f   PSINS.obj
 0001:00017880       ??5CFileRdWt@@QAEAAV0@AAVCMat@@@Z 00418880 f   PSINS.obj
 0001:000178e0       ??0CRMemory@@QAE@JH@Z      004188e0 f   PSINS.obj
 0001:00017980       ??0CRMemory@@QAE@PAEJH@Z   00418980 f   PSINS.obj
 0001:00017a10       ??1CRMemory@@QAE@XZ        00418a10 f   PSINS.obj
 0001:00017a60       ?pop@CRMemory@@QAEEPAE@Z   00418a60 f   PSINS.obj
 0001:00017b50       ?get@CRMemory@@QAEPAEH@Z   00418b50 f   PSINS.obj
 0001:00017b90       ?push@CRMemory@@QAEHPBE@Z  00418b90 f   PSINS.obj
 0001:00017ca0       ?Alignsb@@YA?AVCVect3@@V1@0N@Z 00418ca0 f   PSINS.obj
 0001:00017ef0       ??0CAligni0@@QAE@ABVCVect3@@0H@Z 00418ef0 f   PSINS.obj
 0001:00018050       ?Init@CAligni0@@QAEXABVCVect3@@0H@Z 00419050 f   PSINS.obj
 0001:000181e0       ?Update@CAligni0@@QAE?AVCQuat@@PBVCVect3@@0HNABV3@@Z 004191e0 f   PSINS.obj
 0001:00018860       ??0CAlignkf@@QAE@XZ        00419860 f   PSINS.obj
 0001:000188d0       ??0CAlignkf@@QAE@N@Z       004198d0 f   PSINS.obj
 0001:00018980       ??0CAlignkf@@QAE@ABVCSINS@@N@Z 00419980 f   PSINS.obj
 0001:00018a10       ?Init@CAlignkf@@QAEXABVCSINS@@@Z 00419a10 f   PSINS.obj
 0001:00018f30       ?Update@CAlignkf@@QAEHPBVCVect3@@0HNH@Z 00419f30 f   PSINS.obj
 0001:000190c0       ?Update@CAlignkf@@QAEHPBVCVect3@@0HNABV2@H@Z 0041a0c0 f   PSINS.obj
 0001:000191a0       ??0CAligntrkang@@QAE@NNNN@Z 0041a1a0 f   PSINS.obj
 0001:00019270       ?Init@CAligntrkang@@QAEXABVCSINS@@@Z 0041a270 f   PSINS.obj
 0001:00019790       ?Update@CAligntrkang@@QAEHPBVCVect3@@0HNABV2@H@Z 0041a790 f   PSINS.obj
 0001:00019aa0       ??0CAlignsv@@QAE@XZ        0041aaa0 f   PSINS.obj
 0001:00019b00       ??0CAlignsv@@QAE@N@Z       0041ab00 f   PSINS.obj
 0001:00019b80       ??0CAlignsv@@QAE@ABVCVect3@@NNN@Z 0041ab80 f   PSINS.obj
 0001:00019c20       ?Init@CAlignsv@@QAEXABVCVect3@@NNN@Z 0041ac20 f   PSINS.obj
 0001:00019e00       ??_GCRMemory@@QAEPAXI@Z    0041ae00 f i PSINS.obj
 0001:00019e60       ??1CAlignsv@@QAE@XZ        0041ae60 f   PSINS.obj
 0001:00019ee0       ?Update@CAlignsv@@QAEHPBVCVect3@@0H@Z 0041aee0 f   PSINS.obj
 0001:0001a120       ??0CAligntf@@QAE@N@Z       0041b120 f   PSINS.obj
 0001:0001a1c0       ??0CAligntf@@QAE@ABVCSINS@@N@Z 0041b1c0 f   PSINS.obj
 0001:0001a240       ?Init@CAligntf@@QAEXABVCSINS@@@Z 0041b240 f   PSINS.obj
 0001:0001a750       ?SetFt@CAligntf@@UAEXH@Z   0041b750 f   PSINS.obj
 0001:0001a7e0       ?SetHk@CAligntf@@UAEXH@Z   0041b7e0 f   PSINS.obj
 0001:0001a920       ?Feedback@CAligntf@@UAEXHN@Z 0041b920 f   PSINS.obj
 0001:0001aa10       ?Update@CAligntf@@QAEHPBVCVect3@@0HNH@Z 0041ba10 f   PSINS.obj
 0001:0001aaa0       ?SetMeasVnAtt@CAligntf@@QAEXABVCVect3@@0@Z 0041baa0 f   PSINS.obj
 0001:0001ac00       ?swap16@@YAGG@Z            0041bc00 f   PSINS.obj
 0001:0001ac50       ?swap24@@YAPAEPAE0@Z       0041bc50 f   PSINS.obj
 0001:0001acb0       ?swap32@@YAII@Z            0041bcb0 f   PSINS.obj
 0001:0001ad20       ?swap64@@YAKK@Z            0041bd20 f   PSINS.obj
 0001:0001adc0       ?int24@@YAPAEPAEH@Z        0041bdc0 f   PSINS.obj
 0001:0001ae30       ?diffint24@@YAHPBE0@Z      0041be30 f   PSINS.obj
 0001:0001af10       ?r2dm@@YANN@Z              0041bf10 f   PSINS.obj
 0001:0001afb0       ?dm2r@@YANN@Z              0041bfb0 f   PSINS.obj
 0001:0001b050       ?logtrigger@@YAHHN@Z       0041c050 f   PSINS.obj
 0001:0001b0c0       ?IsZero@@YAHNN@Z           0041c0c0 f   PSINS.obj
 0001:0001b110       ?sign@@YAHNN@Z             0041c110 f   PSINS.obj
 0001:0001b170       ?range@@YANNNN@Z           0041c170 f   PSINS.obj
 0001:0001b1e0       ?atan2Ex@@YANNN@Z          0041c1e0 f   PSINS.obj
 0001:0001b280       ?diffYaw@@YANNN@Z          0041c280 f   PSINS.obj
 0001:0001b2f0       ?MKQt@@YANNN@Z             0041c2f0 f   PSINS.obj
 0001:0001b320       ?MKQt@@YA?AVCVect3@@ABV1@0@Z 0041c320 f   PSINS.obj
 0001:0001b3b0       ?randn@@YANNN@Z            0041c3b0 f   PSINS.obj
 0001:0001b480       ?randn@@YA?AVCVect3@@ABV1@0@Z 0041c480 f   PSINS.obj
 0001:0001b530       ?randn@@YA?AVCVect@@ABV1@0@Z 0041c530 f   PSINS.obj
 0001:0001b640       ?randn@@YA?AVCMat3@@ABV1@0@Z 0041c640 f   PSINS.obj
 0001:0001b700       ?Demo_User@@YAXXZ          0041c700 f   PSINS_Demo.obj
 0001:0001ba50       ?Demo_CIIRV3@@YAXXZ        0041ca50 f   PSINS_Demo.obj
 0001:0001bc30       ?Demo_CMaxMin@@YAXXZ       0041cc30 f   PSINS_Demo.obj
 0001:0001bdb0       ?Demo_CVAR@@YAXXZ          0041cdb0 f   PSINS_Demo.obj
 0001:0001bf00       ?Demo_CVARn@@YAXXZ         0041cf00 f   PSINS_Demo.obj
 0001:0001c070       ?Demo_CRAvar@@YAXXZ        0041d070 f   PSINS_Demo.obj
 0001:0001c200       ?Demo_CSINS_static@@YAXXZ  0041d200 f   PSINS_Demo.obj
 0001:0001c4b0       ?Demo_CAlignsv@@YAXXZ      0041d4b0 f   PSINS_Demo.obj
 0001:0001c670       ??0CFileIMU6@@QAE@PBD@Z    0041d670 f i PSINS_Demo.obj
 0001:0001c910       ?load@CFileIMU6@@QAEHHH@Z  0041d910 f i PSINS_Demo.obj
 0001:0001ca20       ??1CFileIMU6@@QAE@XZ       0041da20 f i PSINS_Demo.obj
 0001:0001ca60       ?Demo_CAligntf@@YAXXZ      0041da60 f   PSINS_Demo.obj
 0001:0001cd20       ?Demo_CAlign_CSINS@@YAXXZ  0041dd20 f   PSINS_Demo.obj
 0001:0001cfb0       ?Demo_CSINSGNSS@@YAXXZ     0041dfb0 f   PSINS_Demo.obj
 0001:0001d4b0       ??0CFileIMUGNSS@@QAE@PBD@Z 0041e4b0 f i PSINS_Demo.obj
 0001:0001d6b0       ?load@CFileIMUGNSS@@QAEHH@Z 0041e6b0 f i PSINS_Demo.obj
 0001:0001d720       ??1CFileIMUGNSS@@QAE@XZ    0041e720 f i PSINS_Demo.obj
 0001:0001d760       ?Demo_CSINSGNSSDR@@YAXXZ   0041e760 f   PSINS_Demo.obj
 0001:0001da40       ??0CFileRdSr49@@QAE@PBD@Z  0041ea40 f i PSINS_Demo.obj
 0001:0001db40       ?load@CFileRdSr49@@QAEHH@Z 0041eb40 f i PSINS_Demo.obj
 0001:0001dd00       ?waitforgps@CFileRdSr49@@QAEHXZ 0041ed00 f i PSINS_Demo.obj
 0001:0001dd70       ??0DataSensor49@@QAE@XZ    0041ed70 f i PSINS_Demo.obj
 0001:0001de00       ??1CFileRdSr49@@QAE@XZ     0041ee00 f i PSINS_Demo.obj
 0001:0001de40       ?Demo_CVCFileFind@@YAXXZ   0041ee40 f   PSINS_Demo.obj
 0001:0001de60       ?Demo_DSP_main@@YAXXZ      0041ee60 f   PSINS_Demo.obj
 0001:0001de80       __fpmath                   0041ee80 f   LIBCD:fpinit.obj
 0001:0001deb0       __fpclear                  0041eeb0 f   LIBCD:fpinit.obj
 0001:0001dec0       __cfltcvt_init             0041eec0 f   LIBCD:fpinit.obj
 0001:0001df10       ___setfflag                0041ef10 f   LIBCD:fpinit.obj
 0001:0001df30       __chkesp                   0041ef30 f   LIBCD:chkesp.obj
 0001:0001df70       _printf                    0041ef70 f   LIBCD:printf.obj
 0001:0001dff0       __cinit                    0041eff0 f   LIBCD:crt0dat.obj
 0001:0001e030       _exit                      0041f030 f   LIBCD:crt0dat.obj
 0001:0001e050       __exit                     0041f050 f   LIBCD:crt0dat.obj
 0001:0001e070       __cexit                    0041f070 f   LIBCD:crt0dat.obj
 0001:0001e090       __c_exit                   0041f090 f   LIBCD:crt0dat.obj
 0001:0001e1c0       ?_JumpToContinuation@@YGXPAXPAUEHRegistrationNode@@@Z 0041f1c0 f   LIBCD:trnsctrl.obj
 0001:0001e200       ?_CallMemberFunction0@@YGXPAX0@Z 0041f200 f   LIBCD:trnsctrl.obj
 0001:0001e210       ?_CallMemberFunction1@@YGXPAX00@Z 0041f210 f   LIBCD:trnsctrl.obj
 0001:0001e220       ?_CallMemberFunction2@@YGXPAX00H@Z 0041f220 f   LIBCD:trnsctrl.obj
 0001:0001e230       ?_UnwindNestedFrames@@YGXPAUEHRegistrationNode@@PAUEHExceptionRecord@@@Z 0041f230 f   LIBCD:trnsctrl.obj
 0001:0001e290       ___CxxFrameHandler         0041f290 f   LIBCD:trnsctrl.obj
 0001:0001e2d0       ___CxxLongjmpUnwind@4      0041f2d0 f   LIBCD:trnsctrl.obj
 0001:0001e300       ?_CallCatchBlock2@@YAPAXPAUEHRegistrationNode@@PBU_s_FuncInfo@@PAXHK@Z 0041f300 f   LIBCD:trnsctrl.obj
 0001:0001e3b0       ?_CallSETranslator@@YAHPAUEHExceptionRecord@@PAUEHRegistrationNode@@PAX2PBU_s_FuncInfo@@H1@Z 0041f3b0 f   LIBCD:trnsctrl.obj
 0001:0001e510       ?_GetRangeOfTrysToCheck@@YAPBU_s_TryBlockMapEntry@@PBU_s_FuncInfo@@HHPAI1@Z 0041f510 f   LIBCD:trnsctrl.obj
 0001:0001e5a0       __chkstk                   0041f5a0 f   LIBCD:chkstk.obj
 0001:0001e5a0       __alloca_probe             0041f5a0 f   LIBCD:chkstk.obj
 0001:0001e5d0       __global_unwind2           0041f5d0 f   LIBCD:exsup.obj
 0001:0001e612       __local_unwind2            0041f612 f   LIBCD:exsup.obj
 0001:0001e66a       __NLG_Return2              0041f66a f   LIBCD:exsup.obj
 0001:0001e67a       __abnormal_termination     0041f67a f   LIBCD:exsup.obj
 0001:0001e69d       __NLG_Notify1              0041f69d f   LIBCD:exsup.obj
 0001:0001e6a6       __NLG_Notify               0041f6a6 f   LIBCD:exsup.obj
 0001:0001e6b9       __NLG_Dispatch             0041f6b9 f   LIBCD:exsup.obj
 0001:0001e6c0       __CIsqrt                   0041f6c0 f   LIBCD:sqrt.obj
 0001:0001e6d4       _sqrt                      0041f6d4 f   LIBCD:sqrt.obj
 0001:0001e780       _atan2                     0041f780 f   LIBCD:87ctriga.obj
 0001:0001e78a       __CIatan2                  0041f78a f   LIBCD:87ctriga.obj
 0001:0001e7a0       __CIcos                    0041f7a0 f   LIBCD:cos.obj
 0001:0001e7b4       _cos                       0041f7b4 f   LIBCD:cos.obj
 0001:0001e850       __CIsin                    0041f850 f   LIBCD:sin.obj
 0001:0001e864       _sin                       0041f864 f   LIBCD:sin.obj
 0001:0001e900       __CIpow                    0041f900 f   LIBCD:pow.obj
 0001:0001e919       _pow                       0041f919 f   LIBCD:pow.obj
 0001:0001eb20       __CIacos                   0041fb20 f   LIBCD:acos.obj
 0001:0001eb34       _acos                      0041fb34 f   LIBCD:acos.obj
 0001:0001ebf0       __CIasin                   0041fbf0 f   LIBCD:asin.obj
 0001:0001ec04       _asin                      0041fc04 f   LIBCD:asin.obj
 0001:0001ecc0       _fabs                      0041fcc0 f   LIBCD:fabs.obj
 0001:0001edc0       _memcpy                    0041fdc0 f   LIBCD:memcpy.obj
 0001:0001f100       ??2@YAPAXI@Z               00420100 f   LIBCD:new.obj
 0001:0001f120       ??3@YAXPAX@Z               00420120 f   LIBCD:dbgdel.obj
 0001:0001f1b0       _memset                    004201b0 f   LIBCD:memset.obj
 0001:0001f210       __purecall                 00420210 f   LIBCD:purevirt.obj
 0001:0001f220       __ftol                     00420220 f   LIBCD:ftol.obj
 0001:0001f250       __Getdays                  00420250 f   LIBCD:strftime.obj
 0001:0001f380       __Getmonths                00420380 f   LIBCD:strftime.obj
 0001:0001f4b0       __Gettnames                004204b0 f   LIBCD:strftime.obj
 0001:0001f820       _strftime                  00420820 f   LIBCD:strftime.obj
 0001:0001f840       __Strftime                 00420840 f   LIBCD:strftime.obj
 0001:00020710       _localtime                 00421710 f   LIBCD:localtim.obj
 0001:00020970       _time                      00421970 f   LIBCD:time.obj
 0001:00020b00       __access                   00421b00 f   LIBCD:access.obj
 0001:00020b60       _strlen                    00421b60 f   LIBCD:strlen.obj
 0001:00020be0       _fclose                    00421be0 f   LIBCD:fclose.obj
 0001:00020cc0       _fsetpos                   00421cc0 f   LIBCD:fsetpos.obj
 0001:00020ce0       _fgets                     00421ce0 f   LIBCD:fgets.obj
 0001:00020e10       _ftell                     00421e10 f   LIBCD:ftell.obj
 0001:000210a0       __fsopen                   004220a0 f   LIBCD:fopen.obj
 0001:00021190       _fopen                     00422190 f   LIBCD:fopen.obj
 0001:000211b0       _strcpy                    004221b0 f   LIBCD:strcat.obj
 0001:000211c0       _strcat                    004221c0 f   LIBCD:strcat.obj
 0001:000212a0       _sscanf                    004222a0 f   LIBCD:sscanf.obj
 0001:00021360       _fread                     00422360 f   LIBCD:fread.obj
 0001:00021530       _fseek                     00422530 f   LIBCD:fseek.obj
 0001:00021660       _fwrite                    00422660 f   LIBCD:fwrite.obj
 0001:00021880       _malloc                    00422880 f   LIBCD:dbgheap.obj
 0001:000218b0       __malloc_dbg               004228b0 f   LIBCD:dbgheap.obj
 0001:000218e0       __nh_malloc                004228e0 f   LIBCD:dbgheap.obj
 0001:00021900       __nh_malloc_dbg            00422900 f   LIBCD:dbgheap.obj
 0001:00021950       __heap_alloc               00422950 f   LIBCD:dbgheap.obj
 0001:00021970       __heap_alloc_dbg           00422970 f   LIBCD:dbgheap.obj
 0001:00021c90       _calloc                    00422c90 f   LIBCD:dbgheap.obj
 0001:00021cc0       __calloc_dbg               00422cc0 f   LIBCD:dbgheap.obj
 0001:00021d20       _realloc                   00422d20 f   LIBCD:dbgheap.obj
 0001:00021d50       __realloc_dbg              00422d50 f   LIBCD:dbgheap.obj
 0001:000222a0       __expand                   004232a0 f   LIBCD:dbgheap.obj
 0001:000222d0       __expand_dbg               004232d0 f   LIBCD:dbgheap.obj
 0001:00022300       _free                      00423300 f   LIBCD:dbgheap.obj
 0001:00022320       __free_dbg                 00423320 f   LIBCD:dbgheap.obj
 0001:00022710       __msize                    00423710 f   LIBCD:dbgheap.obj
 0001:00022730       __msize_dbg                00423730 f   LIBCD:dbgheap.obj
 0001:00022880       __CrtSetBreakAlloc         00423880 f   LIBCD:dbgheap.obj
 0001:000228a0       __CrtSetDbgBlockType       004238a0 f   LIBCD:dbgheap.obj
 0001:00022930       __CrtSetAllocHook          00423930 f   LIBCD:dbgheap.obj
 0001:000229e0       __CrtCheckMemory           004239e0 f   LIBCD:dbgheap.obj
 0001:00022d40       __CrtSetDbgFlag            00423d40 f   LIBCD:dbgheap.obj
 0001:00022d70       __CrtDoForAllClientObjects 00423d70 f   LIBCD:dbgheap.obj
 0001:00022dd0       __CrtIsValidPointer        00423dd0 f   LIBCD:dbgheap.obj
 0001:00022e20       __CrtIsValidHeapPointer    00423e20 f   LIBCD:dbgheap.obj
 0001:00022f50       __CrtIsMemoryBlock         00423f50 f   LIBCD:dbgheap.obj
 0001:00023030       __CrtSetDumpClient         00424030 f   LIBCD:dbgheap.obj
 0001:00023050       __CrtMemCheckpoint         00424050 f   LIBCD:dbgheap.obj
 0001:000231b0       __CrtMemDifference         004241b0 f   LIBCD:dbgheap.obj
 0001:000232e0       __CrtMemDumpAllObjectsSince 004242e0 f   LIBCD:dbgheap.obj
 0001:000236b0       __CrtDumpMemoryLeaks       004246b0 f   LIBCD:dbgheap.obj
 0001:00023730       __CrtMemDumpStatistics     00424730 f   LIBCD:dbgheap.obj
 0001:00023800       __CItan                    00424800 f   LIBCD:tan.obj
 0001:00023814       _tan                       00424814 f   LIBCD:tan.obj
 0001:000238c0       _srand                     004248c0 f   LIBCD:rand.obj
 0001:000238d0       _rand                      004248d0 f   LIBCD:rand.obj
 0001:00023900       _mainCRTStartup            00424900 f   LIBCD:crt0.obj
 0001:00023a30       __amsg_exit                00424a30 f   LIBCD:crt0.obj
 0001:00023a90       __setdefaultprecision      00424a90 f   LIBCD:fp8.obj
 0001:00023ab0       __ms_p5_test_fdiv          00424ab0 f   LIBCD:testfdiv.obj
 0001:00023b10       __ms_p5_mp_test_fdiv       00424b10 f   LIBCD:testfdiv.obj
 0001:00023b60       __forcdecpt                00424b60 f   LIBCD:cvt.obj
 0001:00023c10       __cropzeros                00424c10 f   LIBCD:cvt.obj
 0001:00023cf0       __positive                 00424cf0 f   LIBCD:cvt.obj
 0001:00023d20       __fassign                  00424d20 f   LIBCD:cvt.obj
 0001:00023d70       __cftoe                    00424d70 f   LIBCD:cvt.obj
 0001:00023f30       __cftof                    00424f30 f   LIBCD:cvt.obj
 0001:000240c0       __cftog                    004250c0 f   LIBCD:cvt.obj
 0001:00024230       __cfltcvt                  00425230 f   LIBCD:cvt.obj
 0001:000242c0       __CrtDbgBreak              004252c0 f   LIBCD:dbgrpt.obj
 0001:000242d0       __CrtSetReportMode         004252d0 f   LIBCD:dbgrpt.obj
 0001:00024330       __CrtSetReportFile         00425330 f   LIBCD:dbgrpt.obj
 0001:000243b0       __CrtSetReportHook         004253b0 f   LIBCD:dbgrpt.obj
 0001:000243d0       __CrtDbgReport             004253d0 f   LIBCD:dbgrpt.obj
 0001:00024a70       __stbuf                    00425a70 f   LIBCD:_sftbuf.obj
 0001:00024bd0       __ftbuf                    00425bd0 f   LIBCD:_sftbuf.obj
 0001:00024c90       __output                   00425c90 f   LIBCD:output.obj
 0001:00025bc0       ___initstdio               00426bc0 f   LIBCD:_file.obj
 0001:00025cf0       ___endstdio                00426cf0 f   LIBCD:_file.obj
 0001:00025d10       ___InternalCxxFrameHandler 00426d10 f   LIBCD:frame.obj
 0001:00026280       ___FrameUnwindToState      00427280 f   LIBCD:frame.obj
 0001:00026890       ?_DestructExceptionObject@@YAXPAUEHExceptionRecord@@E@Z 00427890 f   LIBCD:frame.obj
 0001:00026970       __CallSettingFrame@12      00427970 f   LIBCD:lowhelpr.obj
 0001:00026997       __NLG_Return               00427997 f   LIBCD:lowhelpr.obj
 0001:000269c0       ?terminate@@YAXXZ          004279c0 f   LIBCD:hooks.obj
 0001:00026a50       ?unexpected@@YAXXZ         00427a50 f   LIBCD:hooks.obj
 0001:00026a70       ?_inconsistency@@YAXXZ     00427a70 f   LIBCD:hooks.obj
 0001:00026b00       __trandisp1                00427b00 f   LIBCD:87disp.obj
 0001:00026b67       __trandisp2                00427b67 f   LIBCD:87disp.obj
 0001:00026bf3       __rttospopde               00427bf3 f   LIBCD:87disp.obj
 0001:00026bf8       __rttospop                 00427bf8 f   LIBCD:87disp.obj
 0001:00026bfa       __rtnospop                 00427bfa f   LIBCD:87disp.obj
 0001:00026bfc       __rttosnpop                00427bfc f   LIBCD:87disp.obj
 0001:00026bfd       __rtnospopde               00427bfd f   LIBCD:87disp.obj
 0001:00026c04       __rtzeropop                00427c04 f   LIBCD:87disp.obj
 0001:00026c06       __rtzeronpop               00427c06 f   LIBCD:87disp.obj
 0001:00026c0b       __rtonepop                 00427c0b f   LIBCD:87disp.obj
 0001:00026c0d       __rtonenpop                00427c0d f   LIBCD:87disp.obj
 0001:00026c12       __tosnan1                  00427c12 f   LIBCD:87disp.obj
 0001:00026c3d       __nosnan2                  00427c3d f   LIBCD:87disp.obj
 0001:00026c3f       __tosnan2                  00427c3f f   LIBCD:87disp.obj
 0001:00026c67       __nan2                     00427c67 f   LIBCD:87disp.obj
 0001:00026ca6       __rtindfpop                00427ca6 f   LIBCD:87disp.obj
 0001:00026ca8       __rtindfnpop               00427ca8 f   LIBCD:87disp.obj
 0001:00026cb9       __rttosnpopde              00427cb9 f   LIBCD:87disp.obj
 0001:00026cc3       __rtchsifneg               00427cc3 f   LIBCD:87disp.obj
 0001:00026cd0       __startTwoArgErrorHandling 00427cd0 f   LIBCD:genexcep.obj
 0001:00026ce7       __startOneArgErrorHandling 00427ce7 f   LIBCD:genexcep.obj
 0001:00026d30       __twoToTOS                 00427d30 f   LIBCD:common.obj
 0001:00026d45       __load_CW                  00427d45 f   LIBCD:common.obj
 0001:00026d5c       __convertTOStoQNaN         00427d5c f   LIBCD:common.obj
 0001:00026d75       __fload_withFB             00427d75 f   LIBCD:common.obj
 0001:00026db8       __checkTOS_withFB          00427db8 f   LIBCD:common.obj
 0001:00026dce       __fast_exit                00427dce f   LIBCD:common.obj
 0001:00026ddb       __math_exit                00427ddb f   LIBCD:common.obj
 0001:00026e05       __check_overflow_exit      00427e05 f   LIBCD:common.obj
 0001:00026e19       __check_range_exit         00427e19 f   LIBCD:common.obj
 0001:00026edc       __fFATN2                   00427edc f   LIBCD:87triga.obj
 0001:00026f2c       __rtpiby2                  00427f2c f   LIBCD:87triga.obj
 0001:00026f70       __cintrindisp2             00427f70 f   LIBCD:87cdisp.obj
 0001:00026fae       __cintrindisp1             00427fae f   LIBCD:87cdisp.obj
 0001:00026fe4       __ctrandisp2               00427fe4 f   LIBCD:87cdisp.obj
 0001:00027155       __ctrandisp1               00428155 f   LIBCD:87cdisp.obj
 0001:00027181       __fload                    00428181 f   LIBCD:87cdisp.obj
 0001:000271d1       __fFEXP                    004281d1 f   LIBCD:87tran.obj
 0001:00027238       __rtinfpopse               00428238 f   LIBCD:87tran.obj
 0001:0002723a       __rtinfnpopse              0042823a f   LIBCD:87tran.obj
 0001:0002724a       __fFLN                     0042824a f   LIBCD:87tran.obj
 0001:000272ff       __rtinfpop                 004282ff f   LIBCD:87tran.obj
 0001:00027301       __rtinfnpop                00428301 f   LIBCD:87tran.obj
 0001:0002731e       __ffexpm1                  0042831e f   LIBCD:87tran.obj
 0001:000273d0       __powhlp                   004283d0 f   LIBCD:powhlp.obj
 0001:00027640       __d_inttype                00428640 f   LIBCD:powhlp.obj
 0001:000276c0       __handle_qnan1             004286c0 f   LIBCD:fpexcept.obj
 0001:00027720       __handle_qnan2             00428720 f   LIBCD:fpexcept.obj
 0001:00027790       __except1                  00428790 f   LIBCD:fpexcept.obj
 0001:00027850       __except2                  00428850 f   LIBCD:fpexcept.obj
 0001:00027920       __raise_exc                00428920 f   LIBCD:fpexcept.obj
 0001:00027df0       __handle_exc               00428df0 f   LIBCD:fpexcept.obj
 0001:00028170       __umatherr                 00429170 f   LIBCD:fpexcept.obj
 0001:00028210       __set_errno                00429210 f   LIBCD:fpexcept.obj
 0001:00028290       __errcode                  00429290 f   LIBCD:fpexcept.obj
 0001:00028310       __set_exp                  00429310 f   LIBCD:util.obj
 0001:00028350       __get_exp                  00429350 f   LIBCD:util.obj
 0001:00028380       __add_exp                  00429380 f   LIBCD:util.obj
 0001:000283c0       __set_bexp                 004293c0 f   LIBCD:util.obj
 0001:00028400       __sptype                   00429400 f   LIBCD:util.obj
 0001:00028480       __decomp                   00429480 f   LIBCD:util.obj
 0001:000285c0       __statfp                   004295c0 f   LIBCD:fpctrl.obj
 0001:000285e0       __clrfp                    004295e0 f   LIBCD:fpctrl.obj
 0001:00028600       __ctrlfp                   00429600 f   LIBCD:fpctrl.obj
 0001:00028640       __set_statfp               00429640 f   LIBCD:fpctrl.obj
 0001:000286c0       ___tzset                   004296c0 f   LIBCD:tzset.obj
 0001:000286f0       __tzset                    004296f0 f   LIBCD:tzset.obj
 0001:00028a70       __isindst                  00429a70 f   LIBCD:tzset.obj
 0001:00028f70       __stricmp                  00429f70 f   LIBCD:stricmp.obj
 0001:00028f70       __strcmpi                  00429f70 f   LIBCD:stricmp.obj
 0001:00029000       _gmtime                    0042a000 f   LIBCD:gmtime.obj
 0001:000291d0       ___loctotime_t             0042a1d0 f   LIBCD:dtoxtime.obj
 0001:000292c0       __dosmaperr                0042a2c0 f   LIBCD:dosmap.obj
 0001:00029350       __close                    0042a350 f   LIBCD:close.obj
 0001:00029440       __freebuf                  0042a440 f   LIBCD:_freebuf.obj
 0001:000294e0       _fflush                    0042a4e0 f   LIBCD:fflush.obj
 0001:00029540       __flush                    0042a540 f   LIBCD:fflush.obj
 0001:00029600       __flushall                 0042a600 f   LIBCD:fflush.obj
 0001:000296f0       __fseeki64                 0042a6f0 f   LIBCD:fseeki64.obj
 0001:00029840       __filbuf                   0042a840 f   LIBCD:_filbuf.obj
 0001:00029a20       __ioinit                   0042aa20 f   LIBCD:ioinit.obj
 0001:00029d30       __ioterm                   0042ad30 f   LIBCD:ioinit.obj
 0001:00029d90       __lseek                    0042ad90 f   LIBCD:lseek.obj
 0001:00029e80       __openfile                 0042ae80 f   LIBCD:_open.obj
 0001:0002a210       __getstream                0042b210 f   LIBCD:stream.obj
 0001:0002a300       __input                    0042b300 f   LIBCD:input.obj
 0001:0002b800       __read                     0042c800 f   LIBCD:read.obj
 0001:0002bc60       __flsbuf                   0042cc60 f   LIBCD:_flsbuf.obj
 0001:0002bee0       __write                    0042cee0 f   LIBCD:write.obj
 0001:0002c190       ?_set_new_handler@@YAP6AHI@ZP6AHI@Z@Z 0042d190 f   LIBCD:handler.obj
 0001:0002c1b0       ?_query_new_handler@@YAP6AHI@ZXZ 0042d1b0 f   LIBCD:handler.obj
 0001:0002c1c0       __callnewh                 0042d1c0 f   LIBCD:handler.obj
 0001:0002c1f0       __malloc_base              0042d1f0 f   LIBCD:malloc.obj
 0001:0002c210       __nh_malloc_base           0042d210 f   LIBCD:malloc.obj
 0001:0002c270       __heap_alloc_base          0042d270 f   LIBCD:malloc.obj
 0001:0002c340       __CrtDefaultAllocHook      0042d340 f   LIBCD:dbghook.obj
 0001:0002c350       __expand_base              0042d350 f   LIBCD:expand.obj
 0001:0002c4d0       __realloc_base             0042d4d0 f   LIBCD:realloc.obj
 0001:0002c8f0       __free_base                0042d8f0 f   LIBCD:free.obj
 0001:0002c9c0       __heapchk                  0042d9c0 f   LIBCD:heapchk.obj
 0001:0002ca50       __heapset                  0042da50 f   LIBCD:heapchk.obj
 0001:0002ca60       __get_sbh_threshold        0042da60 f   LIBCD:sbheap.obj
 0001:0002ca90       __set_sbh_threshold        0042da90 f   LIBCD:sbheap.obj
 0001:0002cba0       ___sbh_heap_init           0042dba0 f   LIBCD:sbheap.obj
 0001:0002cc10       ___sbh_find_block          0042dc10 f   LIBCD:sbheap.obj
 0001:0002cc70       ___sbh_verify_block        0042dc70 f   LIBCD:sbheap.obj
 0001:0002ccd0       ___sbh_free_block          0042dcd0 f   LIBCD:sbheap.obj
 0001:0002d2b0       ___sbh_alloc_block         0042e2b0 f   LIBCD:sbheap.obj
 0001:0002d7f0       ___sbh_alloc_new_region    0042e7f0 f   LIBCD:sbheap.obj
 0001:0002d900       ___sbh_alloc_new_group     0042e900 f   LIBCD:sbheap.obj
 0001:0002daf0       ___sbh_resize_block        0042eaf0 f   LIBCD:sbheap.obj
 0001:0002e0e0       ___sbh_heapmin             0042f0e0 f   LIBCD:sbheap.obj
 0001:0002e210       ___sbh_heap_check          0042f210 f   LIBCD:sbheap.obj
 0001:0002e830       __get_old_sbh_threshold    0042f830 f   LIBCD:sbheap.obj
 0001:0002e840       __set_old_sbh_threshold    0042f840 f   LIBCD:sbheap.obj
 0001:0002e870       ___old_sbh_new_region      0042f870 f   LIBCD:sbheap.obj
 0001:0002ea50       ___old_sbh_release_region  0042fa50 f   LIBCD:sbheap.obj
 0001:0002ead0       ___old_sbh_decommit_pages  0042fad0 f   LIBCD:sbheap.obj
 0001:0002ec30       ___old_sbh_find_block      0042fc30 f   LIBCD:sbheap.obj
 0001:0002ecc0       ___old_sbh_free_block      0042fcc0 f   LIBCD:sbheap.obj
 0001:0002ed30       ___old_sbh_alloc_block     0042fd30 f   LIBCD:sbheap.obj
 0001:0002f0f0       ___old_sbh_alloc_block_from_page 004300f0 f   LIBCD:sbheap.obj
 0001:0002f3a0       ___old_sbh_resize_block    004303a0 f   LIBCD:sbheap.obj
 0001:0002f510       ___old_sbh_heap_check      00430510 f   LIBCD:sbheap.obj
 0001:0002f750       __GetLinkerVersion         00430750 f   LIBCD:heapinit.obj
 0001:0002f7b0       ___heap_select             004307b0 f   LIBCD:heapinit.obj
 0001:0002f9e0       __heap_init                004309e0 f   LIBCD:heapinit.obj
 0001:0002fa70       __heap_term                00430a70 f   LIBCD:heapinit.obj
 0001:0002fb60       _sprintf                   00430b60 f   LIBCD:sprintf.obj
 0001:0002fc60       __isctype                  00430c60 f   LIBCD:isctype.obj
 0001:0002fd20       __XcptFilter               00430d20 f   LIBCD:winxfltr.obj
 0001:0002ff30       __setenvp                  00430f30 f   LIBCD:stdenvp.obj
 0001:00030080       __setargv                  00431080 f   LIBCD:stdargv.obj
 0001:00030590       ___crtGetEnvironmentStringsA 00431590 f   LIBCD:a_env.obj
 0001:000307b4       __except_handler3          004317b4 f   LIBCD:exsup3.obj
 0001:00030871       __seh_longjmp_unwind@4     00431871 f   LIBCD:exsup3.obj
 0001:00030890       __FF_MSGBANNER             00431890 f   LIBCD:crt0msg.obj
 0001:000308e0       __NMSG_WRITE               004318e0 f   LIBCD:crt0msg.obj
 0001:00030aa0       __GET_RTERRMSG             00431aa0 f   LIBCD:crt0msg.obj
 0001:00030af0       __statusfp                 00431af0 f   LIBCD:ieee87.obj
 0001:00030b10       __clearfp                  00431b10 f   LIBCD:ieee87.obj
 0001:00030b30       __control87                00431b30 f   LIBCD:ieee87.obj
 0001:00030b80       __controlfp                00431b80 f   LIBCD:ieee87.obj
 0001:00030ba0       __fpreset                  00431ba0 f   LIBCD:ieee87.obj
 0001:00030f90       __tolower                  00431f90 f   LIBCD:tolower.obj
 0001:00030fa0       _tolower                   00431fa0 f   LIBCD:tolower.obj
 0001:000310d0       __ZeroTail                 004320d0 f   LIBCD:intrncvt.obj
 0001:00031160       __IncMan                   00432160 f   LIBCD:intrncvt.obj
 0001:00031210       __RoundMan                 00432210 f   LIBCD:intrncvt.obj
 0001:000312f0       __CopyMan                  004322f0 f   LIBCD:intrncvt.obj
 0001:00031340       __FillZeroMan              00432340 f   LIBCD:intrncvt.obj
 0001:00031370       __IsZeroMan                00432370 f   LIBCD:intrncvt.obj
 0001:000313b0       __ShrMan                   004323b0 f   LIBCD:intrncvt.obj
 0001:000314a0       __ld12cvt                  004324a0 f   LIBCD:intrncvt.obj
 0001:000316f0       __ld12tod                  004326f0 f   LIBCD:intrncvt.obj
 0001:00031710       __ld12tof                  00432710 f   LIBCD:intrncvt.obj
 0001:00031730       __ld12told                 00432730 f   LIBCD:intrncvt.obj
 0001:000317f0       __atodbl                   004327f0 f   LIBCD:intrncvt.obj
 0001:00031830       __atoldbl                  00432830 f   LIBCD:intrncvt.obj
 0001:00031870       __atoflt                   00432870 f   LIBCD:intrncvt.obj
 0001:000318b0       __fptostr                  004328b0 f   LIBCD:_fptostr.obj
 0001:000319b0       __fltout                   004329b0 f   LIBCD:cfout.obj
 0001:00031a30       ___dtold                   00432a30 f   LIBCD:cfout.obj
 0001:00031ba0       _memmove                   00432ba0 f   LIBCD:memmove.obj
 0001:00031ee0       __fptrap                   00432ee0 f   LIBCD:crt0fp.obj
 0001:00031ef0       __itoa                     00432ef0 f   LIBCD:xtoa.obj
 0001:00032010       __ltoa                     00433010 f   LIBCD:xtoa.obj
 0001:00032050       __ultoa                    00433050 f   LIBCD:xtoa.obj
 0001:00032070       __i64toa                   00433070 f   LIBCD:xtoa.obj
 0001:000321c0       __ui64toa                  004331c0 f   LIBCD:xtoa.obj
 0001:000321e0       __snprintf                 004331e0 f   LIBCD:snprintf.obj
 0001:000322e0       __vsnprintf                004332e0 f   LIBCD:vsnprint.obj
 0001:000323e0       _signal                    004333e0 f   LIBCD:winsig.obj
 0001:000325f0       _raise                     004335f0 f   LIBCD:winsig.obj
 0001:00032810       ___crtMessageBoxA          00433810 f   LIBCD:crtmbox.obj
 0001:000328d0       _strncpy                   004338d0 f   LIBCD:strncpy.obj
 0001:000329d0       __isatty                   004339d0 f   LIBCD:isatty.obj
 0001:00032a00       _wctomb                    00433a00 f   LIBCD:wctomb.obj
 0001:00032aa0       __aulldiv                  00433aa0 f   LIBCD:ulldiv.obj
 0001:00032b10       __aullrem                  00433b10 f   LIBCD:ullrem.obj
 0001:00032b90       __fcloseall                00433b90 f   LIBCD:closeall.obj
 0001:00032c40       ?__CxxUnhandledExceptionFilter@@YGJPAU_EXCEPTION_POINTERS@@@Z 00433c40 f   LIBCD:unhandld.obj
 0001:00032ca0       ?__CxxSetUnhandledExceptionFilter@@YAXXZ 00433ca0 f   LIBCD:unhandld.obj
 0001:00032cc0       ?__CxxRestoreUnhandledExceptionFilter@@YAXXZ 00433cc0 f   LIBCD:unhandld.obj
 0001:00032ce0       ?_ValidateRead@@YAHPBXI@Z  00433ce0 f   LIBCD:validate.obj
 0001:00032d10       ?_ValidateWrite@@YAHPAXI@Z 00433d10 f   LIBCD:validate.obj
 0001:00032d40       ?_ValidateExecute@@YAHP6GHXZ@Z 00433d40 f   LIBCD:validate.obj
 0001:00032d70       _strcmp                    00433d70 f   LIBCD:strcmp.obj
 0001:00032e00       _abort                     00433e00 f   LIBCD:abort.obj
 0001:00032e20       __87except                 00433e20 f   LIBCD:87except.obj
 0001:00032fa0       _fdiv_main_routine         00433fa0 f   LIBCD:adj_fdiv.obj
 0001:000330b7       __adj_fdiv_r               004340b7 f   LIBCD:adj_fdiv.obj
 0001:00033556       __fdivp_sti_st             00434556 f   LIBCD:adj_fdiv.obj
 0001:00033569       __fdivrp_sti_st            00434569 f   LIBCD:adj_fdiv.obj
 0001:0003357c       __adj_fdiv_m32             0043457c f   LIBCD:adj_fdiv.obj
 0001:000335c8       __adj_fdiv_m64             004345c8 f   LIBCD:adj_fdiv.obj
 0001:00033614       __adj_fdiv_m16i            00434614 f   LIBCD:adj_fdiv.obj
 0001:00033648       __adj_fdiv_m32i            00434648 f   LIBCD:adj_fdiv.obj
 0001:0003367c       __adj_fdivr_m32            0043467c f   LIBCD:adj_fdiv.obj
 0001:000336c8       __adj_fdivr_m64            004346c8 f   LIBCD:adj_fdiv.obj
 0001:00033714       __adj_fdivr_m16i           00434714 f   LIBCD:adj_fdiv.obj
 0001:00033748       __adj_fdivr_m32i           00434748 f   LIBCD:adj_fdiv.obj
 0001:0003377c       __safe_fdiv                0043477c f   LIBCD:adj_fdiv.obj
 0001:00033791       __safe_fdivr               00434791 f   LIBCD:adj_fdiv.obj
 0001:000337a6       __fprem_common             004347a6 f   LIBCD:adj_fdiv.obj
 0001:000339ac       __adj_fprem                004349ac f   LIBCD:adj_fdiv.obj
 0001:00033a5e       __fprem1_common            00434a5e f   LIBCD:adj_fdiv.obj
 0001:00033c64       __adj_fprem1               00434c64 f   LIBCD:adj_fdiv.obj
 0001:00033d19       __safe_fprem               00434d19 f   LIBCD:adj_fdiv.obj
 0001:00033d1f       __safe_fprem1              00434d1f f   LIBCD:adj_fdiv.obj
 0001:00033d25       __adj_fpatan               00434d25 f   LIBCD:adj_fdiv.obj
 0001:00033d28       __adj_fptan                00434d28 f   LIBCD:adj_fdiv.obj
 0001:00033d30       __frnd                     00434d30 f   LIBCD:frnd.obj
 0001:00033d50       __copysign                 00434d50 f   LIBCD:ieeemisc.obj
 0001:00033d80       __chgsign                  00434d80 f   LIBCD:ieeemisc.obj
 0001:00033db0       __scalb                    00434db0 f   LIBCD:ieeemisc.obj
 0001:00033dd0       __logb                     00434dd0 f   LIBCD:ieeemisc.obj
 0001:00033f00       __nextafter                00434f00 f   LIBCD:ieeemisc.obj
 0001:00034240       __finite                   00435240 f   LIBCD:ieeemisc.obj
 0001:00034270       __isnan                    00435270 f   LIBCD:ieeemisc.obj
 0001:000342c0       __fpclass                  004352c0 f   LIBCD:ieeemisc.obj
 0001:000343a0       __matherr                  004353a0 f   LIBCD:matherr.obj
 0001:000343b0       _atol                      004353b0 f   LIBCD:atox.obj
 0001:000344b0       _atoi                      004354b0 f   LIBCD:atox.obj
 0001:000344d0       __atoi64                   004354d0 f   LIBCD:atox.obj
 0001:00034600       _getenv                    00435600 f   LIBCD:getenv.obj
 0001:000346d0       __alloc_osfhnd             004356d0 f   LIBCD:osfinfo.obj
 0001:00034800       __set_osfhnd               00435800 f   LIBCD:osfinfo.obj
 0001:000348b0       __free_osfhnd              004358b0 f   LIBCD:osfinfo.obj
 0001:00034980       __get_osfhandle            00435980 f   LIBCD:osfinfo.obj
 0001:000349e0       __open_osfhandle           004359e0 f   LIBCD:osfinfo.obj
 0001:00034ad0       __commit                   00435ad0 f   LIBCD:commit.obj
 0001:00034b80       __lseeki64                 00435b80 f   LIBCD:lseeki64.obj
 0001:00034c80       __ftelli64                 00435c80 f   LIBCD:ftelli64.obj
 0001:00034f70       __getbuf                   00435f70 f   LIBCD:_getbuf.obj
 0001:00035040       __open                     00436040 f   LIBCD:open.obj
 0001:00035080       __sopen                    00436080 f   LIBCD:open.obj
 0001:00035570       _mbtowc                    00436570 f   LIBCD:mbtowc.obj
 0001:000356d0       _isalpha                   004366d0 f   LIBCD:_ctype.obj
 0001:00035720       _isupper                   00436720 f   LIBCD:_ctype.obj
 0001:00035760       _islower                   00436760 f   LIBCD:_ctype.obj
 0001:000357a0       _isdigit                   004367a0 f   LIBCD:_ctype.obj
 0001:000357e0       _isxdigit                  004367e0 f   LIBCD:_ctype.obj
 0001:00035830       _isspace                   00436830 f   LIBCD:_ctype.obj
 0001:00035870       _ispunct                   00436870 f   LIBCD:_ctype.obj
 0001:000358b0       _isalnum                   004368b0 f   LIBCD:_ctype.obj
 0001:00035900       _isprint                   00436900 f   LIBCD:_ctype.obj
 0001:00035950       _isgraph                   00436950 f   LIBCD:_ctype.obj
 0001:000359a0       _iscntrl                   004369a0 f   LIBCD:_ctype.obj
 0001:000359e0       ___isascii                 004369e0 f   LIBCD:_ctype.obj
 0001:000359f0       ___toascii                 004369f0 f   LIBCD:_ctype.obj
 0001:00035a00       ___iscsymf                 00436a00 f   LIBCD:_ctype.obj
 0001:00035a60       ___iscsym                  00436a60 f   LIBCD:_ctype.obj
 0001:00035ac0       __allshl                   00436ac0 f   LIBCD:llshl.obj
 0001:00035ae0       _ungetc                    00436ae0 f   LIBCD:ungetc.obj
 0001:00035c20       _strtol                    00436c20 f   LIBCD:strtol.obj
 0001:00035f70       _strtoul                   00436f70 f   LIBCD:strtol.obj
 0001:00035fa0       _strchr                    00436fa0 f   LIBCD:strchr.obj
 0001:00035fa6       ___from_strstr_to_strchr   00436fa6 f   LIBCD:strchr.obj
 0001:00036060       _strstr                    00437060 f   LIBCD:strstr.obj
 0001:000360e0       _strncmp                   004370e0 f   LIBCD:strncmp.obj
 0001:00036120       ___crtGetStringTypeA       00437120 f   LIBCD:a_str.obj
 0001:000362e0       __setmbcp                  004372e0 f   LIBCD:mbctype.obj
 0001:00036a50       __getmbcp                  00437a50 f   LIBCD:mbctype.obj
 0001:00036a70       ___initmbctable            00437a70 f   LIBCD:mbctype.obj
 0001:00036aa0       ___crtLCMapStringA         00437aa0 f   LIBCD:a_map.obj
 0001:00036e00       ___addl                    00437e00 f   LIBCD:mantold.obj
 0001:00036e40       ___add_12                  00437e40 f   LIBCD:mantold.obj
 0001:00036ef0       ___shl_12                  00437ef0 f   LIBCD:mantold.obj
 0001:00036f50       ___shr_12                  00437f50 f   LIBCD:mantold.obj
 0001:00036fc0       ___mtold12                 00437fc0 f   LIBCD:mantold.obj
 0001:00037100       ___strgtold12              00438100 f   LIBCD:strgtold.obj
 0001:00037c30       ___STRINGTOLD              00438c30 f   LIBCD:strgtold.obj
 0001:00037c80       _$I10_OUTPUT               00438c80 f   LIBCD:x10fout.obj
 0001:000381a0       _ldexp                     004391a0 f   LIBCD:ldexp.obj
 0001:00038460       __allmul                   00439460 f   LIBCD:llmul.obj
 0001:000384a0       __mbsnbicoll               004394a0 f   LIBCD:mbsnbico.obj
 0001:000384f0       ___wtomb_environ           004394f0 f   LIBCD:wtombenv.obj
 0001:000385a0       __chsize                   004395a0 f   LIBCD:chsize.obj
 0001:00038810       __toupper                  00439810 f   LIBCD:toupper.obj
 0001:00038820       _toupper                   00439820 f   LIBCD:toupper.obj
 0001:00038950       ___ld12mul                 00439950 f   LIBCD:tenpow.obj
 0001:00038d90       ___multtenpow12            00439d90 f   LIBCD:tenpow.obj
 0001:00038e60       ___crtCompareStringA       00439e60 f   LIBCD:a_cmp.obj
 0001:000392b0       ___crtsetenv               0043a2b0 f   LIBCD:setenv.obj
 0001:00039700       __setmode                  0043a700 f   LIBCD:setmode.obj
 0001:00039800       __mbschr                   0043a800 f   LIBCD:mbschr.obj
 0001:000398c6       _ExitProcess@4             0043a8c6 f   kernel32:KERNEL32.dll
 0001:000398cc       _TerminateProcess@8        0043a8cc f   kernel32:KERNEL32.dll
 0001:000398d2       _GetCurrentProcess@0       0043a8d2 f   kernel32:KERNEL32.dll
 0001:000398d8       _RtlUnwind@16              0043a8d8 f   kernel32:KERNEL32.dll
 0001:000398de       _GetTimeZoneInformation@4  0043a8de f   kernel32:KERNEL32.dll
 0001:000398e4       _GetSystemTime@4           0043a8e4 f   kernel32:KERNEL32.dll
 0001:000398ea       _GetLocalTime@4            0043a8ea f   kernel32:KERNEL32.dll
 0001:000398f0       _GetLastError@0            0043a8f0 f   kernel32:KERNEL32.dll
 0001:000398f6       _GetFileAttributesA@4      0043a8f6 f   kernel32:KERNEL32.dll
 0001:000398fc       _IsBadWritePtr@8           0043a8fc f   kernel32:KERNEL32.dll
 0001:00039902       _IsBadReadPtr@8            0043a902 f   kernel32:KERNEL32.dll
 0001:00039908       _HeapValidate@12           0043a908 f   kernel32:KERNEL32.dll
 0001:0003990e       _GetCommandLineA@0         0043a90e f   kernel32:KERNEL32.dll
 0001:00039914       _GetVersion@0              0043a914 f   kernel32:KERNEL32.dll
 0001:0003991a       _GetProcAddress@8          0043a91a f   kernel32:KERNEL32.dll
 0001:00039920       _GetModuleHandleA@4        0043a920 f   kernel32:KERNEL32.dll
 0001:00039926       _DebugBreak@0              0043a926 f   kernel32:KERNEL32.dll
 0001:0003992c       _GetStdHandle@4            0043a92c f   kernel32:KERNEL32.dll
 0001:00039932       _WriteFile@20              0043a932 f   kernel32:KERNEL32.dll
 0001:00039938       _InterlockedDecrement@4    0043a938 f   kernel32:KERNEL32.dll
 0001:0003993e       _OutputDebugStringA@4      0043a93e f   kernel32:KERNEL32.dll
 0001:00039944       _LoadLibraryA@4            0043a944 f   kernel32:KERNEL32.dll
 0001:0003994a       _InterlockedIncrement@4    0043a94a f   kernel32:KERNEL32.dll
 0001:00039950       _GetModuleFileNameA@12     0043a950 f   kernel32:KERNEL32.dll
 0001:00039956       _RaiseException@16         0043a956 f   kernel32:KERNEL32.dll
 0001:0003995c       _WideCharToMultiByte@32    0043a95c f   kernel32:KERNEL32.dll
 0001:00039962       _CloseHandle@4             0043a962 f   kernel32:KERNEL32.dll
 0001:00039968       _SetHandleCount@4          0043a968 f   kernel32:KERNEL32.dll
 0001:0003996e       _GetFileType@4             0043a96e f   kernel32:KERNEL32.dll
 0001:00039974       _GetStartupInfoA@4         0043a974 f   kernel32:KERNEL32.dll
 0001:0003997a       _SetFilePointer@16         0043a97a f   kernel32:KERNEL32.dll
 0001:00039980       _ReadFile@20               0043a980 f   kernel32:KERNEL32.dll
 0001:00039986       _HeapAlloc@12              0043a986 f   kernel32:KERNEL32.dll
 0001:0003998c       _HeapReAlloc@16            0043a98c f   kernel32:KERNEL32.dll
 0001:00039992       _HeapFree@12               0043a992 f   kernel32:KERNEL32.dll
 0001:00039998       _VirtualFree@12            0043a998 f   kernel32:KERNEL32.dll
 0001:0003999e       _VirtualAlloc@16           0043a99e f   kernel32:KERNEL32.dll
 0001:000399a4       _GetEnvironmentVariableA@12 0043a9a4 f   kernel32:KERNEL32.dll
 0001:000399aa       _GetVersionExA@4           0043a9aa f   kernel32:KERNEL32.dll
 0001:000399b0       _HeapDestroy@4             0043a9b0 f   kernel32:KERNEL32.dll
 0001:000399b6       _HeapCreate@12             0043a9b6 f   kernel32:KERNEL32.dll
 0001:000399bc       _UnhandledExceptionFilter@4 0043a9bc f   kernel32:KERNEL32.dll
 0001:000399c2       _FreeEnvironmentStringsA@4 0043a9c2 f   kernel32:KERNEL32.dll
 0001:000399c8       _FreeEnvironmentStringsW@4 0043a9c8 f   kernel32:KERNEL32.dll
 0001:000399ce       _GetEnvironmentStrings@0   0043a9ce f   kernel32:KERNEL32.dll
 0001:000399d4       _GetEnvironmentStringsW@0  0043a9d4 f   kernel32:KERNEL32.dll
 0001:000399da       _SetConsoleCtrlHandler@8   0043a9da f   kernel32:KERNEL32.dll
 0001:000399e0       _SetUnhandledExceptionFilter@4 0043a9e0 f   kernel32:KERNEL32.dll
 0001:000399e6       _IsBadCodePtr@4            0043a9e6 f   kernel32:KERNEL32.dll
 0001:000399ec       _SetStdHandle@8            0043a9ec f   kernel32:KERNEL32.dll
 0001:000399f2       _FlushFileBuffers@4        0043a9f2 f   kernel32:KERNEL32.dll
 0001:000399f8       _CreateFileA@28            0043a9f8 f   kernel32:KERNEL32.dll
 0001:000399fe       _MultiByteToWideChar@24    0043a9fe f   kernel32:KERNEL32.dll
 0001:00039a04       _GetStringTypeA@20         0043aa04 f   kernel32:KERNEL32.dll
 0001:00039a0a       _GetStringTypeW@16         0043aa0a f   kernel32:KERNEL32.dll
 0001:00039a10       _GetCPInfo@8               0043aa10 f   kernel32:KERNEL32.dll
 0001:00039a16       _GetACP@0                  0043aa16 f   kernel32:KERNEL32.dll
 0001:00039a1c       _GetOEMCP@0                0043aa1c f   kernel32:KERNEL32.dll
 0001:00039a22       _LCMapStringA@24           0043aa22 f   kernel32:KERNEL32.dll
 0001:00039a28       _LCMapStringW@24           0043aa28 f   kernel32:KERNEL32.dll
 0001:00039a2e       _SetEndOfFile@4            0043aa2e f   kernel32:KERNEL32.dll
 0001:00039a34       _CompareStringA@24         0043aa34 f   kernel32:KERNEL32.dll
 0001:00039a3a       _CompareStringW@24         0043aa3a f   kernel32:KERNEL32.dll
 0001:00039a40       _SetEnvironmentVariableA@8 0043aa40 f   kernel32:KERNEL32.dll
 0002:0000001c       ??_7CKFApp@@6B@            0043b01c     KFApp.obj
 0002:00000040       ??_C@_03HMFC@?$CFd?6?$AA@  0043b040     Main_SinsGps.obj
 0002:00000048       __real@8@400a8340000000000000 0043b048     Main_SinsGps.obj
 0002:00000050       __real@8@4009fa00000000000000 0043b050     Main_SinsGps.obj
 0002:00000058       __real@8@4008fa00000000000000 0043b058     Main_SinsGps.obj
 0002:00000060       __real@8@4008e100000000000000 0043b060     Main_SinsGps.obj
 0002:00000068       __real@8@40089600000000000000 0043b068     Main_SinsGps.obj
 0002:00000070       __real@8@4007fa00000000000000 0043b070     Main_SinsGps.obj
 0002:00000078       __real@8@3ffbccccccccccccd000 0043b078     Main_SinsGps.obj
 0002:00000080       ??_C@_0P@EPGP@mimuattgps?4bin?$AA@ 0043b080     Main_SinsGps.obj
 0002:00000090       ??_C@_06LOEC@kf?4bin?$AA@  0043b090     Main_SinsGps.obj
 0002:00000098       ??_C@_07HCGD@ins?4bin?$AA@ 0043b098     Main_SinsGps.obj
 0002:000000a0       ??_C@_0BP@FKM@D?3?2ygm2020?2PSINS?M?x?U?$LO?2?$LJ?$NP?$LF?$LM?J?$PN?$LO?$NN?2?$AA@ 0043b0a0     Main_SinsGps.obj
 0002:000000c0       ??_C@_0BK@JGHO@D?3?2psins210207?2VC60?2Data?2?$AA@ 0043b0c0     Main_SinsGps.obj
 0002:000000e0       __real@8@4004f000000000000000 0043b0e0     PSINS.obj
 0002:000000e8       __real@8@40008000000000000000 0043b0e8     PSINS.obj
 0002:000000f0       __real@8@3fff8000000000000000 0043b0f0     PSINS.obj
 0002:000000f8       __real@8@00000000000000000000 0043b0f8     PSINS.obj
 0002:00000100       __real@8@4003d800000000000000 0043b100     PSINS.obj
 0002:00000108       __real@8@40018000000000000000 0043b108     PSINS.obj
 0002:00000110       __real@8@3ffb97b425ed097b4000 0043b110     PSINS.obj
 0002:00000118       __real@8@4000c000000000000000 0043b118     PSINS.obj
 0002:00000120       __real@8@4000860a91c16b9b0800 0043b120     PSINS.obj
 0002:00000128       __real@8@3ffeaaaaaaaaaaaaa800 0043b128     PSINS.obj
 0002:00000130       __real@8@bfff8000000000000000 0043b130     PSINS.obj
 0002:00000138       __real@8@40019000000000000000 0043b138     PSINS.obj
 0002:00000140       __real@8@c000c000000000000000 0043b140     PSINS.obj
 0002:00000148       __real@8@bfcaffffffff840d1000 0043b148     PSINS.obj
 0002:00000150       __real@8@3ff38888888888888800 0043b150     PSINS.obj
 0002:00000158       __real@8@3ffe8000000000000000 0043b158     PSINS.obj
 0002:00000160       __real@8@3ff9aaaaaaaaaaaaa800 0043b160     PSINS.obj
 0002:00000168       __real@8@3ff6aaaaaaaaaaaaa800 0043b168     PSINS.obj
 0002:00000170       __real@8@3ffc8000000000000000 0043b170     PSINS.obj
 0002:00000178       __real@8@3ff39fb50ed8a0fd7000 0043b178     PSINS.obj
 0002:00000180       __real@8@c000c90fdaa221688800 0043b180     PSINS.obj
 0002:00000188       __real@8@4001c90fdaa221688800 0043b188     PSINS.obj
 0002:00000190       __real@8@4000c90fdaa221688800 0043b190     PSINS.obj
 0002:00000198       __real@8@bfffb2b8c2573a240800 0043b198     PSINS.obj
 0002:000001a0       __real@8@3fffb2b8c2573a240800 0043b1a0     PSINS.obj
 0002:000001a8       __real@8@400fd96bbed250615000 0043b1a8     PSINS.obj
 0002:000001b0       __real@8@3fbcbce5086492111800 0043b1b0     PSINS.obj
 0002:000001b8       __real@8@3feb8637bd05af6c6800 0043b1b8     PSINS.obj
 0002:000001c0       __real@8@c0008000000000000000 0043b1c0     PSINS.obj
 0002:000001c8       __real@8@4000c0000431bde83000 0043b1c8     PSINS.obj
 0002:000001d0       __real@8@4000bffffbce4217d000 0043b1d0     PSINS.obj
 0002:000001d8       __real@8@3fcd901d7cf73ab0b000 0043b1d8     PSINS.obj
 0002:000001e0       __real@8@40028000000000000000 0043b1e0     PSINS.obj
 0002:000001e8       __real@8@c0028000000000000000 0043b1e8     PSINS.obj
 0002:000001f0       __real@8@3fd78cbccc096f508800 0043b1f0     PSINS.obj
 0002:000001f8       __real@8@3fcaffffffff840d1000 0043b1f8     PSINS.obj
 0002:00000200       __real@8@4001ddb3d742c2654800 0043b200     PSINS.obj
 0002:00000208       __real@8@3fffddb3d742c2654800 0043b208     PSINS.obj
 0002:00000210       __real@8@3fffc000000000000000 0043b210     PSINS.obj
 0002:00000218       __real@8@40029000000000000000 0043b218     PSINS.obj
 0002:00000220       __real@8@40058000000000000000 0043b220     PSINS.obj
 0002:00000228       __real@8@40038000000000000000 0043b228     PSINS.obj
 0002:00000230       __real@8@4065abcc7665645ef000 0043b230     PSINS.obj
 0002:00000238       __real@8@3ff8a3d70a3d70a3d800 0043b238     PSINS.obj
 0002:00000240       __real@8@4005c800000000000000 0043b240     PSINS.obj
 0002:00000248       __real@8@4063abcc7665645ef000 0043b248     PSINS.obj
 0002:00000250       __real@8@c00fc350000000000000 0043b250     PSINS.obj
 0002:00000258       __real@8@400fc350000000000000 0043b258     PSINS.obj
 0002:00000260       ??_7CKalman@@6B@           0043b260     PSINS.obj
 0002:00000270       __real@8@3ffee666666666666800 0043b270     PSINS.obj
 0002:00000278       ??_7CSINSTDKF@@6B@         0043b278     PSINS.obj
 0002:00000294       ??_7CSINSGNSS@@6B@         0043b294     PSINS.obj
 0002:000002b0       ??_7CSINSGNSSDR@@6B@       0043b2b0     PSINS.obj
 0002:000002d0       __real@8@4001a000000000000000 0043b2d0     PSINS.obj
 0002:000002d8       __real@8@3fefc337cf5981ecf800 0043b2d8     PSINS.obj
 0002:000002e0       __real@8@3feccf191388842eb800 0043b2e0     PSINS.obj
 0002:000002e8       __real@8@3ff7acb7d975a7a1f000 0043b2e8     PSINS.obj
 0002:000002f0       __real@8@3ff1c337cf5981ecf800 0043b2f0     PSINS.obj
 0002:000002f8       __real@8@3ff8acb7d975a7a1f000 0043b2f8     PSINS.obj
 0002:00000300       __real@8@3ff98efa351294e9a000 0043b300     PSINS.obj
 0002:00000308       __real@8@3ffcb2b8c2573a240800 0043b308     PSINS.obj
 0002:00000310       __real@8@3ffefd70a3d70a3d7000 0043b310     PSINS.obj
 0002:00000318       __real@8@c004c800000000000000 0043b318     PSINS.obj
 0002:00000320       ??_C@_0BH@GGMF@PSINS?$CFY?$CFm?$CFd_?$CFH?$CFM?$CFS?4bin?$AA@ 0043b320     PSINS.obj
 0002:00000338       ??_C@_02MMAH@rt?$AA@       0043b338     PSINS.obj
 0002:0000033c       ??_C@_02JKAF@rb?$AA@       0043b33c     PSINS.obj
 0002:00000340       ??_C@_02NGAF@wb?$AA@       0043b340     PSINS.obj
 0002:00000344       ??_7CAlignkf@@6B@          0043b344     PSINS.obj
 0002:00000360       __real@8@3fff8cccccccccccd000 0043b360     PSINS.obj
 0002:00000368       ??_7CAligntrkang@@6B@      0043b368     PSINS.obj
 0002:00000388       __real@8@4002a000000000000000 0043b388     PSINS.obj
 0002:00000390       __real@8@3ffdb2b8c2573a240800 0043b390     PSINS.obj
 0002:00000398       __real@8@3ff583126e978d4fe000 0043b398     PSINS.obj
 0002:000003a0       ??_7CAlignsv@@6B@          0043b3a0     PSINS.obj
 0002:000003c0       __real@8@4003f000000000000000 0043b3c0     PSINS.obj
 0002:000003c8       ??_7CAligntf@@6B@          0043b3c8     PSINS.obj
 0002:000003e8       __real@8@3ff398825abe7cb4f000 0043b3e8     PSINS.obj
 0002:000003f0       __real@8@4002c800000000000000 0043b3f0     PSINS.obj
 0002:000003f8       __real@8@400dfffe000000000000 0043b3f8     PSINS.obj
 0002:00000400       ??_C@_08BLLN@?4?4?2Data?2?$AA@ 0043b400     PSINS_Demo.obj
[...]
 0001:00026470       ?CallCatchBlock@@YAPAXPAUEHExceptionRecord@@PAUEHRegistrationNode@@PAU_CONTEXT@@PBU_s_FuncInfo@@PAXHK@Z 00427470 f   LIBCD:frame.obj
 0001:000265c0       ?ExFilterRethrow@@YAHPAU_EXCEPTION_POINTERS@@@Z 004275c0 f   LIBCD:frame.obj
 0001:00026610       ?BuildCatchObject@@YAXPAUEHExceptionRecord@@PAUEHRegistrationNode@@PBU_s_HandlerType@@PBU_s_CatchableType@@@Z 00427610 f   LIBCD:frame.obj
 0001:00026920       ?AdjustPointer@@YAPAXPAXABUPMD@@@Z 00427920 f   LIBCD:frame.obj
 0001:00025a50       _write_char                00426a50 f   LIBCD:output.obj
 0001:00025ad0       _write_multi_char          00426ad0 f   LIBCD:output.obj
 0001:00025b10       _write_string              00426b10 f   LIBCD:output.obj
 0001:00025b60       _get_int_arg               00426b60 f   LIBCD:output.obj
 0001:00025b80       _get_int64_arg             00426b80 f   LIBCD:output.obj
 0001:00025ba0       _get_short_arg             00426ba0 f   LIBCD:output.obj
 0001:00024760       _CrtMessageWindow          00425760 f   LIBCD:dbgrpt.obj
 0001:000241c0       __cftoe_g                  004251c0 f   LIBCD:cvt.obj
 0001:00024200       __cftof_g                  00425200 f   LIBCD:cvt.obj
 0001:00024290       __shift                    00425290 f   LIBCD:cvt.obj
 0001:00023a60       _fast_error_exit           00424a60 f   LIBCD:crt0.obj
 0001:00021d80       _realloc_help              00422d80 f   LIBCD:dbgheap.obj
 0001:00022950       _CheckBytes                00423950 f   LIBCD:dbgheap.obj
 0001:00023590       __printMemBlockData        00424590 f   LIBCD:dbgheap.obj
 0001:000211cd       dest_misaligned            004221cd f   LIBCD:strcat.obj
 0001:000211dc       find_end_of_dest_string_loop 004221dc f   LIBCD:strcat.obj
 0001:0002120f       start_byte_3               0042220f f   LIBCD:strcat.obj
 0001:00021214       start_byte_2               00422214 f   LIBCD:strcat.obj
 0001:00021219       start_byte_1               00422219 f   LIBCD:strcat.obj
 0001:0002121e       start_byte_0               0042221e f   LIBCD:strcat.obj
 0001:0002122d       src_misaligned             0042222d f   LIBCD:strcat.obj
 0001:00021241       main_loop                  00422241 f   LIBCD:strcat.obj
 0001:00021246       main_loop_entrance         00422246 f   LIBCD:strcat.obj
 0001:0002127a       byte_3                     0042227a f   LIBCD:strcat.obj
 0001:00021282       byte_2                     00422282 f   LIBCD:strcat.obj
 0001:0002128f       byte_1                     0042228f f   LIBCD:strcat.obj
 0001:00021298       byte_0                     00422298 f   LIBCD:strcat.obj
 0001:00021221       copy_start                 00422221 f   LIBCD:strcat.obj
 0001:00020b6c       str_misaligned             00421b6c f   LIBCD:strlen.obj
 0001:00020b80       main_loop                  00421b80 f   LIBCD:strlen.obj
 0001:00020bb3       byte_3                     00421bb3 f   LIBCD:strlen.obj
 0001:00020bbd       byte_2                     00421bbd f   LIBCD:strlen.obj
 0001:00020bc7       byte_1                     00421bc7 f   LIBCD:strlen.obj
 0001:00020bd1       byte_0                     00421bd1 f   LIBCD:strlen.obj
 0001:0001f980       __expandtime               00420980 f   LIBCD:strftime.obj
 0001:0001ffa0       __store_str                00420fa0 f   LIBCD:strftime.obj
 0001:0001fff0       __store_num                00420ff0 f   LIBCD:strftime.obj
 0001:000200a0       __store_number             004210a0 f   LIBCD:strftime.obj
 0001:00020150       __store_winword            00421150 f   LIBCD:strftime.obj
 0001:0001f1d3       adjust_loop                004201d3 f   LIBCD:memset.obj
 0001:0001f1d9       dwords                     004201d9 f   LIBCD:memset.obj
 0001:0001f1f3       main_loop_tail             004201f3 f   LIBCD:memset.obj
 0001:0001f1f7       tail                       004201f7 f   LIBCD:memset.obj
 0001:0001f1fd       finish                     004201fd f   LIBCD:memset.obj
 0001:0001f203       toend                      00420203 f   LIBCD:memset.obj
 0001:0001ee30       LeadUp1                    0041fe30 f   LIBCD:memcpy.obj
 0001:0001ee5c       LeadUp2                    0041fe5c f   LIBCD:memcpy.obj
 0001:0001ee80       LeadUp3                    0041fe80 f   LIBCD:memcpy.obj
 0001:0001eeff       UnwindUp0                  0041feff f   LIBCD:memcpy.obj
 0001:0001eeec       UnwindUp1                  0041feec f   LIBCD:memcpy.obj
 0001:0001eee4       UnwindUp2                  0041fee4 f   LIBCD:memcpy.obj
 0001:0001eedc       UnwindUp3                  0041fedc f   LIBCD:memcpy.obj
 0001:0001eed4       UnwindUp4                  0041fed4 f   LIBCD:memcpy.obj
 0001:0001eecc       UnwindUp5                  0041fecc f   LIBCD:memcpy.obj
 0001:0001eec4       UnwindUp6                  0041fec4 f   LIBCD:memcpy.obj
 0001:0001eebc       UnwindUp7                  0041febc f   LIBCD:memcpy.obj
 0001:0001ef18       TrailUp0                   0041ff18 f   LIBCD:memcpy.obj
 0001:0001ef20       TrailUp1                   0041ff20 f   LIBCD:memcpy.obj
 0001:0001ef2c       TrailUp2                   0041ff2c f   LIBCD:memcpy.obj
 0001:0001ef40       TrailUp3                   0041ff40 f   LIBCD:memcpy.obj
 0001:0001efb8       LeadDown1                  0041ffb8 f   LIBCD:memcpy.obj
 0001:0001efd8       LeadDown2                  0041ffd8 f   LIBCD:memcpy.obj
 0001:0001f000       LeadDown3                  00420000 f   LIBCD:memcpy.obj
 0001:0001f054       UnwindDown7                00420054 f   LIBCD:memcpy.obj
 0001:0001f05c       UnwindDown6                0042005c f   LIBCD:memcpy.obj
 0001:0001f064       UnwindDown5                00420064 f   LIBCD:memcpy.obj
 0001:0001f06c       UnwindDown4                0042006c f   LIBCD:memcpy.obj
 0001:0001f074       UnwindDown3                00420074 f   LIBCD:memcpy.obj
 0001:0001f07c       UnwindDown2                0042007c f   LIBCD:memcpy.obj
 0001:0001f084       UnwindDown1                00420084 f   LIBCD:memcpy.obj
 0001:0001f097       UnwindDown0                00420097 f   LIBCD:memcpy.obj
 0001:0001f0b0       TrailDown0                 004200b0 f   LIBCD:memcpy.obj
 0001:0001f0b8       TrailDown1                 004200b8 f   LIBCD:memcpy.obj
 0001:0001f0c8       TrailDown2                 004200c8 f   LIBCD:memcpy.obj
 0001:0001f0dc       TrailDown3                 004200dc f   LIBCD:memcpy.obj
 0001:0001ede0       CopyUp                     0041fde0 f   LIBCD:memcpy.obj
 0001:0001edfc       CopyLeadUp                 0041fdfc f   LIBCD:memcpy.obj
 0001:0001ee14       ByteCopyUp                 0041fe14 f   LIBCD:memcpy.obj
 0001:0001ee1c       CopyUnwindUp               0041fe1c f   LIBCD:memcpy.obj
 0001:0001ef58       CopyDown                   0041ff58 f   LIBCD:memcpy.obj
 0001:0001ef80       CopyUnwindDown             0041ff80 f   LIBCD:memcpy.obj
 0001:0001ef8c       CopyLeadDown               0041ff8c f   LIBCD:memcpy.obj
 0001:0001efa4       ByteCopyDown               0041ffa4 f   LIBCD:memcpy.obj
 0001:0001e5e8       _gu_return                 0041f5e8 f   LIBCD:exsup.obj
 0001:0001e5f0       __unwind_handler           0041f5f0 f   LIBCD:exsup.obj
 0001:0001e5a0       _$$$00001                  0041f5a0 f   LIBCD:chkstk.obj
 0001:0001e5ac       probepages                 0041f5ac f   LIBCD:chkstk.obj
 0001:0001e5c0       lastpage                   0041f5c0 f   LIBCD:chkstk.obj
 0001:0001e370       ?CatchGuardHandler@@YA?AW4_EXCEPTION_DISPOSITION@@PAUEHExceptionRecord@@PAUCatchGuardRN@@PAX2@Z 0041f370 f   LIBCD:trnsctrl.obj
 0001:0001e480       ?TranslatorGuardHandler@@YA?AW4_EXCEPTION_DISPOSITION@@PAUEHExceptionRecord@@PAUTranslatorGuardRN@@PAX2@Z 0041f480 f   LIBCD:trnsctrl.obj
 0001:0001e0b0       _doexit                    0041f0b0 f   LIBCD:crt0dat.obj
 0001:0001e190       __initterm                 0041f190 f   LIBCD:crt0dat.obj

FIXUPS: 1f57e fffffa8f 12 1d 20 1e 20 8d 12 13 19 fffffe31 19 18 14 ffffff77
FIXUPS: 1ee87 5 a 9d3 2a 10 1b 2a 10 fffffeaf 12 2a 10 1b 2a 10 ffffff3e
FIXUPS: 1f790 ffffff37 12 18 16 10 1c 31 10 fffffe70 fffffc74 60 33 63
FIXUPS: 1f39d 131 19 4d 6d5 14 22 10 2c 2a 10 fffffe72 12 14 24 10 2a 2a
FIXUPS: 1fbe5 fffffd39 14 1b 25 14 10 d 10 b 3d 3b 14 60 7 14 7 fffffd8b
FIXUPS: 20bc9 2d 2d 28 28 1c 29 41 84 3a 24 31 36 50 a 21 154 31c 20 28a
FIXUPS: 20216 ffffff67 1f ffffff6f fffffbc6 2b 28 16 1d 29 25 fffffe52
FIXUPS: 205b4 1c 1b 36 3a 9 2e 9 48 9 2e 9 2e 9 2c 9 2c 9 2c 9 3d a0 f3
FIXUPS: 209ec 23 23 3a 51 24 51 2a 28 10de f 27 fffffe87 ffffffb3 fffffc54
FIXUPS: 21753 18 1c 1e f ffffead5 15 1b 50 9 2e 9 71 15 1b 51 9 2e 9 6e
FIXUPS: 204fe 37 15 1e 14 1c 2167 5a 4f 79 fffffd30 66 1b 6c fffffdc1 7a
FIXUPS: 224e3 fffffde9 2a 33 1a fffffd7d 2e 2a 2e 14 22 22 fffffc92 3e
FIXUPS: 21fb4 70 fffffce8 2a 75 ffffff29 ffffff58 27 2077 33 142 23 1c
FIXUPS: 23ed7 84 58 bf fd 76 11e a1 20 31 28 4f 3a 31 18 45 18 1f 8c 69
FIXUPS: 2468a 34 39 16 7c 2a 28 ffffed38 45 2b c 41 6b 56 36 c 2b 1c 2c
FIXUPS: 23762 18 1f 62 51 60 5a ac 4e 51 2b 28 28 28 ac 2b 32 2b 39 20
FIXUPS: 22d6b 3c 21 1b 1c 6b 28 32 4f 18 1f 5b 66 25 25 b3 19 59 5f 54
FIXUPS: 232b3 38 1f 2a 1c 50 1d 1f 62 34 3b 2b 1533 10 22 9 27 9 fffffd91
FIXUPS: 24819 2c 10 1d 2a 10 ffffdfe9 36 27 23 20 29 2f 1c 69 28 5f 54
FIXUPS: 22b0e 128 1e 1b 34 3e 52 2079 14 32 64 140 2a 34 35 6b 12 29 43
FIXUPS: 2516c 3d 33 3c 38 1c 1a 18 17 fffff895 ffffff54 fffffee1 e f 10
FIXUPS: 249b6 5 5 25 f af0 2a 18 38 16 2b 14 2e 18 18 7a 63 34 47 1e d
FIXUPS: 257c3 15 11 1d 21 14 26 19d 18 19 19 a fffff11c 28 19f 20 132e
FIXUPS: 260b7 30 a8 e2 d5 ce b9 31 1e 2a 1b 131 25 123 1e 30 75 32 22 26
FIXUPS: 2692b 170 55 53 ffffef4d 21 7e c8 33 49 fffff766 2325 1e 26 f 1c
FIXUPS: 2777f 21 d a 13 16 13 28 14 15 14 7 17 6b 20 fffff300 35 18 a6
FIXUPS: 26d04 fffff089 34 24 cb 67 133 18 e7c 51 ba 3c 27 37 a 3f 25 b2
FIXUPS: 27208 ce 36 12 38 4c 31 16 f 17 37 19 92 18 20 62 a f3 12 24 f
FIXUPS: 276ec b43 5 55 3c 7 2f b2 15 fffffbca 3d 49 132 31 fffffdb3 1f
FIXUPS: 27f4e 10 fffffe9c 5e 7 fffffead fffffd1f 38 78 fffffeb4 22 fffff37a
FIXUPS: 26d5d 92 3f 6a 15 18f6 2c c 3a e 11 2f 44 c 3e e 11 182 1d8 1ac
FIXUPS: 28e41 33 1b6 f4 27 36 44 c 10 16 c fffff38a c8 1d 27 fffffb6d 12
FIXUPS: 2a3d7 29 2a fffffe31 45 fffffd3d a fffff6ef 4b 15d 19 18 c 25 15
FIXUPS: 29930 5b 52 6c c7 53 66 53 25 23 fffff746 1c3 17 fffff167 1d 53
FIXUPS: 28778 405e f ffffea9a fffffc37 2a 2a 227 fffffcb0 59 fffffbfe 13
FIXUPS: 2ab28 23f fffffaf9 82 2a fffffe04 66 23 6e fffffce5 e 28 76 6e
FIXUPS: 2a683 41 fffffd99 3a ffffff09 1b c 1952 4d 23 10 70 24 5a 46 2f
FIXUPS: 2bfbd 24 e5 39 76 4a 3d 76 6c 62 20 77 27 70 46 31 35 44 35 1c
FIXUPS: 2c6f6 8a 32 4ce 108 10 3e 54 4b 28 fffffadd 2a3 ffffe709 2d 47
FIXUPS: 2b3e4 9 19 a4 1aa 1d 118 1de 32 97 1f 58 a8 28 33 43 64 46 41 12
FIXUPS: 2d97d fffffb6a 17 31 30 18 3f c 13 70 10 5c 62 37 1b 40 14 59 14
FIXUPS: 2d865 6b fffffaa5 2f 80 36 fffffda5 2a 29 3b 51 fffffc96 1ae 3a94
FIXUPS: 30bfb 4b fffffb73 b6 7f 24 62 38 61 18 28 ffffd0c6 23 3c 6ef 192
FIXUPS: 2e40c de0 7e5 236 11a 9e a3 102 119 ffffd958 1b 64 fffffebb 19
FIXUPS: 2d960 40c3 14 13 14 1a 19 fffffd7e d 11 2f 25 fffffe03 4a 94 2b
FIXUPS: 31090 56 1e 13 22 fffffe07 36 28 1f 29 26 17 12 1c fffffcda ffffffce
FIXUPS: 30b8c 19ea 3a 10 13 16 26 1e 41 93 20 68 82 10 30 10 30 10 fffff74a
FIXUPS: 3208c fffffa75 21 21 24 2a 23 fffffd00 1c 77 3a 59 15 17 1ade 182
FIXUPS: 3369b fffffc6b 2a 44 4b fffffe4d 2a 44 4b fffffc49 18 11b 21 4b
FIXUPS: 3310a 17 b5 fffffd10 fffffad9 29 ffffffa0 17 fffff815 41 8c 14
FIXUPS: 32504 19 1c 13 2895 2b 28 1e 2c 38 16 22 23 ac 4e 23 125 1c 2b
FIXUPS: 351d1 1d 2b 13 b7 ffffebce 72 13 24 17 fffffe95 a a fffffe50 14
FIXUPS: 33bee 2b 27c0 60 21 20 1d 11 15 15 fffffabc 37 fffffcdb 40 168
FIXUPS: 35ecd fffffd13 55 fffffefc fffffc53 2bf 2d 2f fffffb8f 29 19 2c
FIXUPS: 353ca 85 69 33 8c 34 fffff815 2aa2 35 1e8 fffff7b8 1d fffffe7b
FIXUPS: 36c32 48 141 52 35 140 fffffb7c 5f fffffb8a 4d 40 40 43 4d 40 43
FIXUPS: 36917 50 4d 65 60 fffffb20 fffffadb 2a0 5a 34 2028 14d eb 1c8 8c
FIXUPS: 389a8 6d 238 13 fffff1f7 21 35 35 13a c 10 c 27 6c fffffa5e 98
FIXUPS: 37cc3 fffff628 23 5 111 43 107 4a 12 5 25e 1fc4 fffffd4f 43 ffffff4b
FIXUPS: 391b1 2b 28 2c 3a 26 1c 5e 25 28 31 43 28 31 16 14 fffff964 43
FIXUPS: 38e28 24 bd 2d 9b 32 43 c 10 c 1453 5a c 19 42 3c a7 19 28 c 21
FIXUPS: 39ef5 19 d9 13f 9e fffff9e4 70 4f 1df fffffa1f a7 fffffc9d 73 1c
FIXUPS: 39657 49 11 71 5f 1d c fffc84e3 fffff3a0 19 37 b8 d3 bd 85 45 1f
FIXUPS: 13df 2a bb 16 42 1d 1c 13 1d 1c d 49 13 3920c fffffaae 45 29 3a
FIXUPS: 3a3ac 3e 33 4b fffc7436 38 c6 28 44 7 12 2b 17 f 12 1a 38fb9 c
FIXUPS: 3aa6f b fffc7087 d 4e 15 1c 25 21 38eb1 b fffc7178 1a 30 b b b
FIXUPS: 1c7d 1a7ec 33 5e 27 41 99 30 37 5e 2a fffe5044 47 7 7 7 7 7 7 7
FIXUPS: 17ad 7 7 7 7 7 7 f 15 19 14 31 39 1a105 18 18 17 28 41 1f 19 10
FIXUPS: 1bad2 26 1a 1c 13 2a 11 16 1d a d 1f 10 366 9d 213 1e 2c 16 11c
FIXUPS: 1c3a3 4d 34 ffffeed3 b8 ae af 85 50 1f 31 27 c9 16 3c 14 14 14
FIXUPS: 1b7c3 d 44 19 1c 16 16 16 16 16 26 a 13 10 46 18 18 fffff3ff 26
FIXUPS: 1adae 3c 1fcbb c fffe0370 13 13 69 26 55 4f ac 9 2a 30 80 4a e
FIXUPS: 1b16f 29 9 13 39 e e 15 10 3f 5c 17 fffff31f 31 1f 31 2a 6f 67
FIXUPS: 1a7b2 30 2f 1c 1d 24 b 86 24 35 be 4a 2f 32 1a 19 35 1a 26 40 1a
FIXUPS: 1abfd 10 121 2e ffffef27 a8 4a 1f 31 27 a4 95 69 44 21 22 72 2c
FIXUPS: 1a0e2 26 20 22 20 2c 3d e 66 9 13 3a 12 1f 1f 1f 10a f4 fffff272
FIXUPS: 19789 10 10 a 41 10 a 7 38 34 e e e 19 3f e e e 29 9 13 3b e e
FIXUPS: 199d7 15 10 3f 99 a8 95 fffff471 12d 1f 58 1b 2b 2e 59 d 34 a 10
FIXUPS: 1937f 3d c 23 24 7 9 16 2b 2c 16 2f 16 e4 19 53 10 3c a5 10 fffff54f
FIXUPS: 18cc7 13 f 15 15 15 93 75 74 13 22 3b b b b b e e e e e e e e 36
FIXUPS: 18ff4 e e e 14 10 fffff56b 7 d 42 13 69 16 7 7 7 7 7 1d 37 13 3d
FIXUPS: 1876f 3d 13 3d 13 4b 13 4d 13 3f 21 21 1e d0 19 21d fffff54a 13
FIXUPS: 1820c 13 4b 13 4d 13 49 13 b7 7 7 7 7 15 5c c 7 7 7 d 7e 7 7 7
FIXUPS: 18545 7 45 7 7 7 fffff31a 26 3b 103 f1 1b3 40 5c 25 7b 30 15 e
FIXUPS: 17e71 26 13 53 10 37 21 e 1d 48 4b 11 10 60 3a 3e 13 3d 13 fffff0aa
FIXUPS: 17244 15 34 18 35 18 32 13 f 1b 1c 75 15 13 42 19 3b 73 27 13 15
FIXUPS: 1758f 2a 2e 2d 24 11d af 2d 13 13 fffff14f 2b 28 33 d 27 7 2d 13
FIXUPS: 16b55 63 22 5c d 131 27 d 130 16c 27 a 37 30 a 37 30 a 35 6 34
FIXUPS: 171f0 2d fffff178 7 13 7 36 16 2f d 19 d 25 49 63 28 19 31 36 16
FIXUPS: 16625 9 25 16 33 9 10 50 61 fc 4c 59 38 10 fffff3de 32 16 2d 13
FIXUPS: 15dcb 3b 44 a d a 7 28 2a 2b 34 1e7 14 f 14 10 c1 1b 13 7 32 16
FIXUPS: 162b1 19 27 25 4f fffff53c 13 16 3a 19 27 2b 2b 33 70 20 26 7 32
FIXUPS: 15ae3 7 2f 16 2a 16 2d 20 32 31 16 31 16 31 58 a d a fffff194 16
FIXUPS: 14ee6 1c 10 211 13 9 c 20 1d a 4d 78 7b 11 16 10 2bf 20 27 7 32
FIXUPS: 1566e 7 d2 20 32 62 31 32 16 fffff486 e e e e e e e e e e e e e
FIXUPS: 14dbe e e e e e e e e e e e e e e e e e fffffc20 e e e e e e e
FIXUPS: 14b3c e e e e e e e e e 16 16 1d c 10 5d e e e e e e e e fffffb87
FIXUPS: 14883 37 7 39 a 7 1c 55 e e e e e e e e e e e e e e e e e e e e
FIXUPS: 14aa2 e e fffff4ce c c c 88 2f 57 c 27 c 14 14 4f 14 1b 10 2d 23
FIXUPS: 1420a 2a a 10 7 3de 13 44 de 5d 14 10 64 16 ffffed72 e e e e e
FIXUPS: 13687 56 10 71 18 43 1a8 18 43 134 d7 7 f 10 74 7 1c 30 b e e e
FIXUPS: 13cf7 e e cb fffff1da f 3a 2f f 3a 32 f 1b 21 44 13 13 13 72 66
FIXUPS: 132b2 8 21 51 23 24 8 d 72 4a 4a 4a 4a 4d 22 36 fffff584 3d 37
FIXUPS: 12c02 38 1b 24 7 7 2a 10 36 8 17 1f 2d 26 10 38 12 7 20 1a 22 30
FIXUPS: 12e9f 10 37 12 7 22 68 fffff756 a 19 4b 10 5e 1f d 3b 1d 1c 15
FIXUPS: 1288f 2a 1d 1c 17 25 19 d 10 49 25 13 13 29 16 43 6c a d 3e fffff346
FIXUPS: 11e8f 63 e 16 11 16 12 20 40 fb f6 e8 8d 8d 1f 31 27 a1 16 39 a4
FIXUPS: 125bc 12 25 19 10 19 10 19 10 43 fffff27d 18 17 18 18 1d e4 19
FIXUPS: 11ad7 15 2b a5 1b 22 43 26 1a 1c 13 26 1a 1c d 45 1e 1a 10 30 e
FIXUPS: 11ded 19 6d fffff590 19 18 2f 42 22 36 39 39 28 16 16 31 38 39
FIXUPS: 1171d 16 10 4b 19 2a 1f 16 13 16 28 25 16 13 16 10 4b ffffea63
FIXUPS: 104e1 154 c1 15c 45 1f 31 2a 151 160 168 154 c1 15c 45 1f 31 2a
FIXUPS: 112ab 16 3c 18 19 19 15 13 19 18 19 19 18 ffffe9d5 2a 2e 2f 33
FIXUPS: feae 10 14 10 2f e e 19 68 18 18 e e e 10 31 e e a1 1f 1f 1f 1f
FIXUPS: 101a1 1d 3d 29 fffff6ca 42 23 f 34 3b 49 1f 4e 19 2f 7 31 7 41
FIXUPS: fb87 f 16 19 f 10 3c 17 26 43 17 26 1c 38 17 24 28 fffff391 3d
FIXUPS: f19b ca b6 53 2c 14 1b 67 7 2f 31 8f 53 e3 27 19 34 7 26 25 7 62
FIXUPS: f7a9 14 31 71 f 16 19 f fffff457 10 2e e e e e e e e e 21 19 3e
FIXUPS: ee37 e e e e e e e 21 19 16 6b 38 ac 2a 60 d 1a ffffeeb5 52 2c
FIXUPS: e06c 2f f 13 16 f 2b 8 f 2b 16 263 6 13 174 128 ab 35b 35 4c 2c
FIXUPS: eb41 10 da a d 34 39 10 ffffed40 41 5d 1c 1c 73 59 88 25 29 20
FIXUPS: dc9e 24 2e 27 7 26 f 29 2b 72 25 b b 14 79 22 19 2c 7 26 22 fffff679
FIXUPS: d61e e e e e e e e e e e e e e e e 1c 10 10 1d 63 45 32 30 60 47
FIXUPS: d922 2e 2b 28 2e fffffa47 e e e e e e e e e e e e e e e e e e e
FIXUPS: d530 19 3b e e e e e e e e e fffff4a9 10 1ed 59 88 d 2ee 20 52
FIXUPS: d129 d 3c 18 6e 3c 3a 16 19 1f 42 16 19 18 19 19 1f 2e e e e e
FIXUPS: d40a ffffe901 3c e e e 17 3e 44 25 43 1f 18 e 35 285 f c1 f 26e
FIXUPS: c4cd 78 f 60 16 2cf 2f e9 11 10 42 1a 5f ffffd690 93 e8 97 1ea
FIXUPS: a57d 94 275 13 2be 11f 13 32 171 6d 6e 72 6e 50 91 140 13 237 b1
FIXUPS: b632 d6 75 10 544 e e e ffffd032 1c 32 af af 32 af 1f 32 8f 27f
FIXUPS: 9346 b6 10d 2d b1 416 7e 1c8 7c 4d 1e 1e d 3e a1 3e 9e f9 34 96
FIXUPS: a0e9 ffffdf91 24 1d 9 17 15 ba 1e 16 138 46 26 2d a 7 7 20 76 e2
FIXUPS: 85a5 19 25 4b 57 5d 5e 226 13 90 32 1a5 42 ffffe8bb 23 64 8d 8d
FIXUPS: 76f0 77 52 1f bb 21 b 2f 2f 26 c3 9b 31 129 3f 4e 1f 45 1c 62 1f
FIXUPS: 7dc2 15f f1 8 10 40 ffffeb39 81 81 31 232 1f b0 1c 121 2e 59 13
FIXUPS: 71c1 13 13 13 e 7c 49 1f 3d 15 16 16 16 16 e a4 24 1e b 24 ffffea4e
FIXUPS: 5f11 15 a 15 c 21 a 1f 32 47 22 e 1c af 1f 96 1f 34 19d 33 a5 1db
FIXUPS: 670c c1 1f 144 1c 61 1c d8 81 ffffebfe 32 68 23 4b 7 1f 39 10 a
FIXUPS: 58c3 34 30 22 414 1f 1f 1f 1f 1e 1a 1a 1a 1a 29 15 a 15 a 15 c
FIXUPS: 5ef2 fffff0da d 1f 1f 45 1f 1f 3d d 10 49 1d 14 51 7 1f 2c f9 3f
FIXUPS: 5365 37 1f 1f 66 1c 35 8 14e 45 28 1f 60 fffff21e 1f 6 f f 16 51
FIXUPS: 49b3 a 4f 56 31 29 13 13 5f 3e 13 13 23 33 1f 3c 15 16 16 23 5c
FIXUPS: 4d35 32 10 1f fffff261 12 b 1c ac cb 4e 10 182 10 a9 1c b9 19 13
FIXUPS: 458c 1f 8c 1f 33 15 16 16 69 1f 60 15 2e 52 41 1f 30 ffffe940 d
FIXUPS: 3246 bb 63 25 1d 1d 35 a 22 371 1c 64 1c 8c 1c 64 1c be 1c 5a 1c
FIXUPS: 3b15 1c 307 1c 51 1c cd 1f 37 ffffed63 8 f 19 19 14 29 42 b2 1f
FIXUPS: 2f47 8 8 37 13 99 14 10 a 7 d 33 19 1f 3c d 2d 1e 7 2a 1e 7 fffff420
FIXUPS: 265d 29 48 29 52 29 79 10 34 29 59 43 29 43 7 29 47 29 94 29 aa
FIXUPS: 2b77 6a 10 46 53 f 16 19 14 29 fffff1d4 d 34 11 24 10 2a d 50 d
FIXUPS: 2082 3a d6 22 4e 22 34 22 25 22 1f a3 29 4e 29 42 29 55 29 4e 29
FIXUPS: 25c8 1c5ed 55 ec 49 1c 36 b b e e e e 10 32 d fffe2e8b d 2c 11
FIXUPS: 1d28 23 1b 23 d 3b d 2b d 55 2e 11 d 1c945 15 4d c c 38 45 3f 5a
FIXUPS: 1e993 7 7 12 2b 17 f 12 1a 1c2a7 c c b fffe3d82 15 4a 1e 15 24
FIXUPS: 3ad04 b fffe3e58 2b fffff885 2b 17 f f 12 1a 1c7d4 c c c b fffe3846
FIXUPS: 1e501 e 53 5c 52 20 11 5b 1c618 b fffe3a18 35 35 d 30 21 13 19
FIXUPS: 1e7e1 fffff70d 21 f 7 2b 17 f 12 1a 1cca5 c c b fffe3364 21 13
FIXUPS: 1e01b 16 26 49 15 19 24 c 160 be 3e 28 25 3e 7 7 fffff78f c c 3a
FIXUPS: 1dc07 31 30 7 7 7 12 2b 17 f 12 1a 1cf0b c c b fffe3104 24 13 19
FIXUPS: 1dda4 2d c 1e 44 51 25 12 1cd0c c b fffe2ac8 15 e e e e c 20 37
FIXUPS: 1d7a5 72 20 46 7 77 1d2f9 b fffe2d38 da 30 d 30 24 15 19 16 1f
FIXUPS: 1db65 7 fffff72f 3e 24 15 2f 67 7 1b a c 6a 2a 14 1a 1d705 b fffe291c
FIXUPS: 1d4f2 13 19 29 3e 24 21 f 7 2b 17 f 12 1a 1d56a ffffff70 b fffe23fc
FIXUPS: 1cf53 16 3f 23 48 7 7 14 12 1a 1daf6 c b fffe2540 15 16 2c 3b 4b
FIXUPS: 1d19e 1c 7 17 1a 1d995 b fffe268c 24 15 fffff937 2b 28 7 17 1a
FIXUPS: 3aaf7 b fffe216c 15 1a 38 22 57 7 7 7 7 17 1a 1dd7c b fffe22cc
FIXUPS: 1ce03 18 3b 24 3b 7 7 17 1a fffff82a 24 15 19 2d 3e 24 15 2b 45
FIXUPS: 1c88b 1b a c 19 14 15 52 24 12 25 29 2b 17 12 1a 1e085 c b fffe2039
FIXUPS: 1cb2c 28
